<?xml version="1.0" encoding="ISO-8859-1" ?>
<link_info>
   <banner>TI ARM Linker PC v20.2.7.LTS</banner>
   <copyright>Copyright (c) 1996-2018 Texas Instruments Incorporated</copyright>
   <link_time>0x662e8e1a</link_time>
   <link_errors>0x0</link_errors>
   <output_file>lab08_Final_Project.out</output_file>
   <entry_point>
      <name>_c_int00_noargs</name>
      <address>0x3ab5</address>
   </entry_point>
   <input_file_list>
      <input_file id="fl-2">
         <path>.\</path>
         <kind>object</kind>
         <file>Clock.obj</file>
         <name>Clock.obj</name>
      </input_file>
      <input_file id="fl-3">
         <path>.\</path>
         <kind>object</kind>
         <file>CortexM.obj</file>
         <name>CortexM.obj</name>
      </input_file>
      <input_file id="fl-4">
         <path>.\</path>
         <kind>object</kind>
         <file>Init_Ports.obj</file>
         <name>Init_Ports.obj</name>
      </input_file>
      <input_file id="fl-5">
         <path>.\</path>
         <kind>object</kind>
         <file>LSM9DS1.obj</file>
         <name>LSM9DS1.obj</name>
      </input_file>
      <input_file id="fl-6">
         <path>.\</path>
         <kind>object</kind>
         <file>SSD1306.obj</file>
         <name>SSD1306.obj</name>
      </input_file>
      <input_file id="fl-7">
         <path>.\</path>
         <kind>object</kind>
         <file>final_main.obj</file>
         <name>final_main.obj</name>
      </input_file>
      <input_file id="fl-8">
         <path>.\</path>
         <kind>object</kind>
         <file>piezo_buzzer.obj</file>
         <name>piezo_buzzer.obj</name>
      </input_file>
      <input_file id="fl-9">
         <path>.\</path>
         <kind>object</kind>
         <file>startup_msp432p401r_ccs.obj</file>
         <name>startup_msp432p401r_ccs.obj</name>
      </input_file>
      <input_file id="fl-a">
         <path>.\</path>
         <kind>object</kind>
         <file>system_msp432p401r.obj</file>
         <name>system_msp432p401r.obj</name>
      </input_file>
      <input_file id="fl-e">
         <kind>object</kind>
         <file>&lt;internal&gt;</file>
         <name>&lt;internal&gt;</name>
      </input_file>
      <input_file id="fl-c4">
         <path>C:\ti\ccs1230\ccs\tools\compiler\ti-cgt-arm_20.2.7.LTS\lib\</path>
         <kind>archive</kind>
         <file>rtsv7M4_T_le_v4SPD16_eabi.lib</file>
         <name>e_pow.c.obj</name>
      </input_file>
      <input_file id="fl-c5">
         <path>C:\ti\ccs1230\ccs\tools\compiler\ti-cgt-arm_20.2.7.LTS\lib\</path>
         <kind>archive</kind>
         <file>rtsv7M4_T_le_v4SPD16_eabi.lib</file>
         <name>e_sqrt.c.obj</name>
      </input_file>
      <input_file id="fl-c6">
         <path>C:\ti\ccs1230\ccs\tools\compiler\ti-cgt-arm_20.2.7.LTS\lib\</path>
         <kind>archive</kind>
         <file>rtsv7M4_T_le_v4SPD16_eabi.lib</file>
         <name>s_scalbn.c.obj</name>
      </input_file>
      <input_file id="fl-c7">
         <path>C:\ti\ccs1230\ccs\tools\compiler\ti-cgt-arm_20.2.7.LTS\lib\</path>
         <kind>archive</kind>
         <file>rtsv7M4_T_le_v4SPD16_eabi.lib</file>
         <name>fd_add_t2.asm.obj</name>
      </input_file>
      <input_file id="fl-c8">
         <path>C:\ti\ccs1230\ccs\tools\compiler\ti-cgt-arm_20.2.7.LTS\lib\</path>
         <kind>archive</kind>
         <file>rtsv7M4_T_le_v4SPD16_eabi.lib</file>
         <name>fd_cmp_t2.asm.obj</name>
      </input_file>
      <input_file id="fl-c9">
         <path>C:\ti\ccs1230\ccs\tools\compiler\ti-cgt-arm_20.2.7.LTS\lib\</path>
         <kind>archive</kind>
         <file>rtsv7M4_T_le_v4SPD16_eabi.lib</file>
         <name>fd_div_t2.asm.obj</name>
      </input_file>
      <input_file id="fl-ca">
         <path>C:\ti\ccs1230\ccs\tools\compiler\ti-cgt-arm_20.2.7.LTS\lib\</path>
         <kind>archive</kind>
         <file>rtsv7M4_T_le_v4SPD16_eabi.lib</file>
         <name>fd_mul_t2.asm.obj</name>
      </input_file>
      <input_file id="fl-cb">
         <path>C:\ti\ccs1230\ccs\tools\compiler\ti-cgt-arm_20.2.7.LTS\lib\</path>
         <kind>archive</kind>
         <file>rtsv7M4_T_le_v4SPD16_eabi.lib</file>
         <name>fd_toi_t2.asm.obj</name>
      </input_file>
      <input_file id="fl-cc">
         <path>C:\ti\ccs1230\ccs\tools\compiler\ti-cgt-arm_20.2.7.LTS\lib\</path>
         <kind>archive</kind>
         <file>rtsv7M4_T_le_v4SPD16_eabi.lib</file>
         <name>i_tofd_t2.asm.obj</name>
      </input_file>
      <input_file id="fl-cd">
         <path>C:\ti\ccs1230\ccs\tools\compiler\ti-cgt-arm_20.2.7.LTS\lib\</path>
         <kind>archive</kind>
         <file>rtsv7M4_T_le_v4SPD16_eabi.lib</file>
         <name>copy_zero_init.c.obj</name>
      </input_file>
      <input_file id="fl-ce">
         <path>C:\ti\ccs1230\ccs\tools\compiler\ti-cgt-arm_20.2.7.LTS\lib\</path>
         <kind>archive</kind>
         <file>rtsv7M4_T_le_v4SPD16_eabi.lib</file>
         <name>copy_decompress_none.c.obj</name>
      </input_file>
      <input_file id="fl-cf">
         <path>C:\ti\ccs1230\ccs\tools\compiler\ti-cgt-arm_20.2.7.LTS\lib\</path>
         <kind>archive</kind>
         <file>rtsv7M4_T_le_v4SPD16_eabi.lib</file>
         <name>copy_decompress_lzss.c.obj</name>
      </input_file>
      <input_file id="fl-d0">
         <path>C:\ti\ccs1230\ccs\tools\compiler\ti-cgt-arm_20.2.7.LTS\lib\</path>
         <kind>archive</kind>
         <file>rtsv7M4_T_le_v4SPD16_eabi.lib</file>
         <name>boot_cortex_m.c.obj</name>
      </input_file>
      <input_file id="fl-d1">
         <path>C:\ti\ccs1230\ccs\tools\compiler\ti-cgt-arm_20.2.7.LTS\lib\</path>
         <kind>archive</kind>
         <file>rtsv7M4_T_le_v4SPD16_eabi.lib</file>
         <name>errno.c.obj</name>
      </input_file>
      <input_file id="fl-d2">
         <path>C:\ti\ccs1230\ccs\tools\compiler\ti-cgt-arm_20.2.7.LTS\lib\</path>
         <kind>archive</kind>
         <file>rtsv7M4_T_le_v4SPD16_eabi.lib</file>
         <name>s_copysign.c.obj</name>
      </input_file>
      <input_file id="fl-d3">
         <path>C:\ti\ccs1230\ccs\tools\compiler\ti-cgt-arm_20.2.7.LTS\lib\</path>
         <kind>archive</kind>
         <file>rtsv7M4_T_le_v4SPD16_eabi.lib</file>
         <name>memcpy_t2.asm.obj</name>
      </input_file>
      <input_file id="fl-d4">
         <path>C:\ti\ccs1230\ccs\tools\compiler\ti-cgt-arm_20.2.7.LTS\lib\</path>
         <kind>archive</kind>
         <file>rtsv7M4_T_le_v4SPD16_eabi.lib</file>
         <name>memset_t2.asm.obj</name>
      </input_file>
      <input_file id="fl-d5">
         <path>C:\ti\ccs1230\ccs\tools\compiler\ti-cgt-arm_20.2.7.LTS\lib\</path>
         <kind>archive</kind>
         <file>rtsv7M4_T_le_v4SPD16_eabi.lib</file>
         <name>autoinit.c.obj</name>
      </input_file>
      <input_file id="fl-d6">
         <path>C:\ti\ccs1230\ccs\tools\compiler\ti-cgt-arm_20.2.7.LTS\lib\</path>
         <kind>archive</kind>
         <file>rtsv7M4_T_le_v4SPD16_eabi.lib</file>
         <name>pre_init.c.obj</name>
      </input_file>
      <input_file id="fl-d7">
         <path>C:\ti\ccs1230\ccs\tools\compiler\ti-cgt-arm_20.2.7.LTS\lib\</path>
         <kind>archive</kind>
         <file>rtsv7M4_T_le_v4SPD16_eabi.lib</file>
         <name>cpy_tbl.c.obj</name>
      </input_file>
      <input_file id="fl-d8">
         <path>C:\ti\ccs1230\ccs\tools\compiler\ti-cgt-arm_20.2.7.LTS\lib\</path>
         <kind>archive</kind>
         <file>rtsv7M4_T_le_v4SPD16_eabi.lib</file>
         <name>exit.c.obj</name>
      </input_file>
      <input_file id="fl-d9">
         <path>C:\ti\ccs1230\ccs\tools\compiler\ti-cgt-arm_20.2.7.LTS\lib\</path>
         <kind>archive</kind>
         <file>rtsv7M4_T_le_v4SPD16_eabi.lib</file>
         <name>_lock.c.obj</name>
      </input_file>
      <input_file id="fl-da">
         <path>C:\ti\ccs1230\ccs\tools\compiler\ti-cgt-arm_20.2.7.LTS\lib\</path>
         <kind>archive</kind>
         <file>rtsv7M4_T_le_v4SPD16_eabi.lib</file>
         <name>args_main.c.obj</name>
      </input_file>
   </input_file_list>
   <object_component_list>
      <object_component id="oc-26">
         <name>.intvecs:retain</name>
         <load_address>0x0</load_address>
         <run_address>0x0</run_address>
         <size>0xe4</size>
         <input_file_ref idref="fl-9"/>
      </object_component>
      <object_component id="oc-ac">
         <name>.text</name>
         <load_address>0xe4</load_address>
         <run_address>0xe4</run_address>
         <size>0x1848</size>
         <input_file_ref idref="fl-6"/>
      </object_component>
      <object_component id="oc-188">
         <name>.text:pow</name>
         <load_address>0x192c</load_address>
         <run_address>0x192c</run_address>
         <size>0x9d0</size>
         <input_file_ref idref="fl-c4"/>
      </object_component>
      <object_component id="oc-6d">
         <name>.text</name>
         <load_address>0x22fc</load_address>
         <run_address>0x22fc</run_address>
         <size>0x4b8</size>
         <input_file_ref idref="fl-7"/>
      </object_component>
      <object_component id="oc-b2">
         <name>.text</name>
         <load_address>0x27b4</load_address>
         <run_address>0x27b4</run_address>
         <size>0x3d4</size>
         <input_file_ref idref="fl-5"/>
      </object_component>
      <object_component id="oc-a5">
         <name>.text</name>
         <load_address>0x2b88</load_address>
         <run_address>0x2b88</run_address>
         <size>0x334</size>
         <input_file_ref idref="fl-a"/>
      </object_component>
      <object_component id="oc-be">
         <name>.text</name>
         <load_address>0x2ebc</load_address>
         <run_address>0x2ebc</run_address>
         <size>0x1e0</size>
         <input_file_ref idref="fl-2"/>
      </object_component>
      <object_component id="oc-200">
         <name>.text</name>
         <load_address>0x309c</load_address>
         <run_address>0x309c</run_address>
         <size>0x1b6</size>
         <input_file_ref idref="fl-c7"/>
      </object_component>
      <object_component id="oc-20a">
         <name>.text:sqrt</name>
         <load_address>0x3254</load_address>
         <run_address>0x3254</run_address>
         <size>0x158</size>
         <input_file_ref idref="fl-c5"/>
      </object_component>
      <object_component id="oc-205">
         <name>.text</name>
         <load_address>0x33ac</load_address>
         <run_address>0x33ac</run_address>
         <size>0x136</size>
         <input_file_ref idref="fl-c9"/>
      </object_component>
      <object_component id="oc-228">
         <name>.text:scalbn</name>
         <load_address>0x34e4</load_address>
         <run_address>0x34e4</run_address>
         <size>0x110</size>
         <input_file_ref idref="fl-c6"/>
      </object_component>
      <object_component id="oc-216">
         <name>.text</name>
         <load_address>0x35f4</load_address>
         <run_address>0x35f4</run_address>
         <size>0xfc</size>
         <input_file_ref idref="fl-ca"/>
      </object_component>
      <object_component id="oc-c4">
         <name>.text</name>
         <load_address>0x36f0</load_address>
         <run_address>0x36f0</run_address>
         <size>0xac</size>
         <input_file_ref idref="fl-8"/>
      </object_component>
      <object_component id="oc-37">
         <name>.text</name>
         <load_address>0x379c</load_address>
         <run_address>0x379c</run_address>
         <size>0x9c</size>
         <input_file_ref idref="fl-d3"/>
      </object_component>
      <object_component id="oc-21e">
         <name>.text:__aeabi_cdcmple</name>
         <load_address>0x3838</load_address>
         <run_address>0x3838</run_address>
         <size>0x86</size>
         <input_file_ref idref="fl-c8"/>
      </object_component>
      <object_component id="oc-223">
         <name>.text:__aeabi_cdrcmple</name>
         <load_address>0x38be</load_address>
         <run_address>0x38be</run_address>
         <size>0x86</size>
         <input_file_ref idref="fl-c8"/>
      </object_component>
      <object_component id="oc-8d">
         <name>.text</name>
         <load_address>0x3944</load_address>
         <run_address>0x3944</run_address>
         <size>0x7a</size>
         <input_file_ref idref="fl-d4"/>
      </object_component>
      <object_component id="oc-17">
         <name>.text:decompress:lzss:__TI_decompress_lzss</name>
         <load_address>0x39be</load_address>
         <run_address>0x39be</run_address>
         <size>0x68</size>
         <input_file_ref idref="fl-cf"/>
      </object_component>
      <object_component id="oc-18e">
         <name>.text</name>
         <load_address>0x3a26</load_address>
         <run_address>0x3a26</run_address>
         <size>0x48</size>
         <input_file_ref idref="fl-cb"/>
      </object_component>
      <object_component id="oc-10a">
         <name>.text:__TI_auto_init_nobinit_nopinit:__TI_auto_init_nobinit_nopinit</name>
         <load_address>0x3a70</load_address>
         <run_address>0x3a70</run_address>
         <size>0x44</size>
         <input_file_ref idref="fl-d5"/>
      </object_component>
      <object_component id="oc-55">
         <name>.text:_c_int00_noargs:_c_int00_noargs</name>
         <load_address>0x3ab4</load_address>
         <run_address>0x3ab4</run_address>
         <size>0x34</size>
         <input_file_ref idref="fl-d0"/>
      </object_component>
      <object_component id="oc-183">
         <name>.text</name>
         <load_address>0x3ae8</load_address>
         <run_address>0x3ae8</run_address>
         <size>0x2e</size>
         <input_file_ref idref="fl-cc"/>
      </object_component>
      <object_component id="oc-b8">
         <name>.text</name>
         <load_address>0x3b16</load_address>
         <run_address>0x3b16</run_address>
         <size>0x24</size>
         <input_file_ref idref="fl-3"/>
      </object_component>
      <object_component id="oc-274">
         <name>.text:copysign</name>
         <load_address>0x3b3a</load_address>
         <run_address>0x3b3a</run_address>
         <size>0x1a</size>
         <input_file_ref idref="fl-d2"/>
      </object_component>
      <object_component id="oc-1d">
         <name>.text:decompress:none:__TI_decompress_none</name>
         <load_address>0x3b54</load_address>
         <run_address>0x3b54</run_address>
         <size>0xe</size>
         <input_file_ref idref="fl-ce"/>
      </object_component>
      <object_component id="oc-67">
         <name>.text</name>
         <load_address>0x3b62</load_address>
         <run_address>0x3b62</run_address>
         <size>0xe</size>
         <input_file_ref idref="fl-9"/>
      </object_component>
      <object_component id="oc-49">
         <name>.text:decompress:ZI:__TI_zero_init</name>
         <load_address>0x3b70</load_address>
         <run_address>0x3b70</run_address>
         <size>0xc</size>
         <input_file_ref idref="fl-cd"/>
      </object_component>
      <object_component id="oc-210">
         <name>.text:__aeabi_errno_addr</name>
         <load_address>0x3b7c</load_address>
         <run_address>0x3b7c</run_address>
         <size>0x8</size>
         <input_file_ref idref="fl-d1"/>
      </object_component>
      <object_component id="oc-93">
         <name>.text:_system_pre_init</name>
         <load_address>0x3b84</load_address>
         <run_address>0x3b84</run_address>
         <size>0x4</size>
         <input_file_ref idref="fl-d6"/>
      </object_component>
      <object_component id="oc-fe">
         <name>.text:abort:abort</name>
         <load_address>0x3b88</load_address>
         <run_address>0x3b88</run_address>
         <size>0x4</size>
         <input_file_ref idref="fl-d8"/>
      </object_component>
      <object_component id="oc-154">
         <name>.const:ASCII</name>
         <load_address>0x3b90</load_address>
         <run_address>0x3b90</run_address>
         <size>0x1e0</size>
         <input_file_ref idref="fl-6"/>
      </object_component>
      <object_component id="oc-21b">
         <name>.const:$O1$$</name>
         <load_address>0x3d70</load_address>
         <run_address>0x3d70</run_address>
         <size>0x30</size>
         <input_file_ref idref="fl-c4"/>
      </object_component>
      <object_component id="oc-15a">
         <name>.const:.string:postmask</name>
         <load_address>0x3da0</load_address>
         <run_address>0x3da0</run_address>
         <size>0x8</size>
         <input_file_ref idref="fl-6"/>
      </object_component>
      <object_component id="oc-157">
         <name>.const:.string:premask</name>
         <load_address>0x3da8</load_address>
         <run_address>0x3da8</run_address>
         <size>0x8</size>
         <input_file_ref idref="fl-6"/>
      </object_component>
      <object_component id="oc-14f">
         <name>.const:.string:init5</name>
         <load_address>0x3db0</load_address>
         <run_address>0x3db0</run_address>
         <size>0x6</size>
         <input_file_ref idref="fl-6"/>
      </object_component>
      <object_component id="oc-15d">
         <name>.const:.string:dlist1</name>
         <load_address>0x3db6</load_address>
         <run_address>0x3db6</run_address>
         <size>0x5</size>
         <input_file_ref idref="fl-6"/>
      </object_component>
      <object_component id="oc-143">
         <name>.const:.string:init1</name>
         <load_address>0x3dbb</load_address>
         <run_address>0x3dbb</run_address>
         <size>0x4</size>
         <input_file_ref idref="fl-6"/>
      </object_component>
      <object_component id="oc-146">
         <name>.const:.string:init2</name>
         <load_address>0x3dbf</load_address>
         <run_address>0x3dbf</run_address>
         <size>0x4</size>
         <input_file_ref idref="fl-6"/>
      </object_component>
      <object_component id="oc-149">
         <name>.const:.string:init3</name>
         <load_address>0x3dc3</load_address>
         <run_address>0x3dc3</run_address>
         <size>0x4</size>
         <input_file_ref idref="fl-6"/>
      </object_component>
      <object_component id="oc-14c">
         <name>.const:.string:init4b</name>
         <load_address>0x3dc7</load_address>
         <run_address>0x3dc7</run_address>
         <size>0x3</size>
         <input_file_ref idref="fl-6"/>
      </object_component>
      <object_component id="oc-163">
         <name>.const:.string:scrollList1b</name>
         <load_address>0x3dca</load_address>
         <run_address>0x3dca</run_address>
         <size>0x3</size>
         <input_file_ref idref="fl-6"/>
      </object_component>
      <object_component id="oc-169">
         <name>.const:.string:scrollList2b</name>
         <load_address>0x3dcd</load_address>
         <run_address>0x3dcd</run_address>
         <size>0x3</size>
         <input_file_ref idref="fl-6"/>
      </object_component>
      <object_component id="oc-160">
         <name>.const:.string:scrollList1a</name>
         <load_address>0x3dd0</load_address>
         <run_address>0x3dd0</run_address>
         <size>0x2</size>
         <input_file_ref idref="fl-6"/>
      </object_component>
      <object_component id="oc-166">
         <name>.const:.string:scrollList2a</name>
         <load_address>0x3dd2</load_address>
         <run_address>0x3dd2</run_address>
         <size>0x2</size>
         <input_file_ref idref="fl-6"/>
      </object_component>
      <object_component id="oc-16c">
         <name>.const:.string:scrollList3a</name>
         <load_address>0x3dd4</load_address>
         <run_address>0x3dd4</run_address>
         <size>0x2</size>
         <input_file_ref idref="fl-6"/>
      </object_component>
      <object_component id="oc-16f">
         <name>.const:.string:scrollList3b</name>
         <load_address>0x3dd6</load_address>
         <run_address>0x3dd6</run_address>
         <size>0x2</size>
         <input_file_ref idref="fl-6"/>
      </object_component>
      <object_component id="oc-172">
         <name>.const:.string:scrollList3c</name>
         <load_address>0x3dd8</load_address>
         <run_address>0x3dd8</run_address>
         <size>0x2</size>
         <input_file_ref idref="fl-6"/>
      </object_component>
      <object_component id="oc-175">
         <name>.const:.string:scrollList4a</name>
         <load_address>0x3dda</load_address>
         <run_address>0x3dda</run_address>
         <size>0x2</size>
         <input_file_ref idref="fl-6"/>
      </object_component>
      <object_component id="oc-178">
         <name>.const:.string:scrollList4b</name>
         <load_address>0x3ddc</load_address>
         <run_address>0x3ddc</run_address>
         <size>0x2</size>
         <input_file_ref idref="fl-6"/>
      </object_component>
      <object_component id="oc-17b">
         <name>.const:.string:scrollList4c</name>
         <load_address>0x3dde</load_address>
         <run_address>0x3dde</run_address>
         <size>0x2</size>
         <input_file_ref idref="fl-6"/>
      </object_component>
      <object_component id="oc-2d8">
         <name>.cinit..data.load</name>
         <load_address>0x3de0</load_address>
         <run_address>0x3de0</run_address>
         <size>0xd</size>
      </object_component>
      <object_component id="oc-2d6">
         <name>__TI_handler_table</name>
         <load_address>0x3df0</load_address>
         <run_address>0x3df0</run_address>
         <size>0xc</size>
      </object_component>
      <object_component id="oc-2d9">
         <name>.cinit..bss.load</name>
         <load_address>0x3e00</load_address>
         <run_address>0x3e00</run_address>
         <size>0x8</size>
      </object_component>
      <object_component id="oc-2d7">
         <name>__TI_cinit_table</name>
         <load_address>0x3e08</load_address>
         <run_address>0x3e08</run_address>
         <size>0x10</size>
      </object_component>
      <object_component id="oc-2aa">
         <name>.binit</name>
         <load_address>0x0</load_address>
         <run_address>0x0</run_address>
         <size>0x0</size>
      </object_component>
      <object_component id="oc-199">
         <name>.data</name>
         <load_address>0x20000414</load_address>
         <run_address>0x20000414</run_address>
         <size>0x18</size>
         <input_file_ref idref="fl-2"/>
      </object_component>
      <object_component id="oc-194">
         <name>.data</name>
         <load_address>0x20000438</load_address>
         <run_address>0x20000438</run_address>
         <size>0x2</size>
         <input_file_ref idref="fl-5"/>
      </object_component>
      <object_component id="oc-17e">
         <name>.data</name>
         <load_address>0x2000042c</load_address>
         <run_address>0x2000042c</run_address>
         <size>0x4</size>
         <input_file_ref idref="fl-6"/>
      </object_component>
      <object_component id="oc-cf">
         <name>.data</name>
         <load_address>0x2000043a</load_address>
         <run_address>0x2000043a</run_address>
         <size>0x1</size>
         <input_file_ref idref="fl-7"/>
      </object_component>
      <object_component id="oc-13c">
         <name>.data</name>
         <load_address>0x20000434</load_address>
         <run_address>0x20000434</run_address>
         <size>0x4</size>
         <input_file_ref idref="fl-a"/>
      </object_component>
      <object_component id="oc-26a">
         <name>.data</name>
         <load_address>0x20000430</load_address>
         <run_address>0x20000430</run_address>
         <size>0x4</size>
         <input_file_ref idref="fl-d1"/>
      </object_component>
      <object_component id="oc-153">
         <name>.common:buffer</name>
         <uninitialized>true</uninitialized>
         <run_address>0x20000000</run_address>
         <size>0x400</size>
      </object_component>
      <object_component id="oc-140">
         <name>.common:vccstate</name>
         <uninitialized>true</uninitialized>
         <run_address>0x20000404</run_address>
         <size>0x4</size>
      </object_component>
      <object_component id="oc-152">
         <name>.common:rotation</name>
         <uninitialized>true</uninitialized>
         <run_address>0x20000400</run_address>
         <size>0x4</size>
      </object_component>
      <object_component id="oc-181">
         <name>.common:StartX</name>
         <uninitialized>true</uninitialized>
         <run_address>0x20000408</run_address>
         <size>0x2</size>
      </object_component>
      <object_component id="oc-182">
         <name>.common:StartY</name>
         <uninitialized>true</uninitialized>
         <run_address>0x2000040a</run_address>
         <size>0x2</size>
      </object_component>
      <object_component id="oc-ca">
         <name>.common:x</name>
         <uninitialized>true</uninitialized>
         <run_address>0x2000040c</run_address>
         <size>0x2</size>
      </object_component>
      <object_component id="oc-cd">
         <name>.common:y</name>
         <uninitialized>true</uninitialized>
         <run_address>0x2000040e</run_address>
         <size>0x2</size>
      </object_component>
      <object_component id="oc-ce">
         <name>.common:z</name>
         <uninitialized>true</uninitialized>
         <run_address>0x20000410</run_address>
         <size>0x2</size>
      </object_component>
      <object_component id="oc-29">
         <name>.stack</name>
         <uninitialized>true</uninitialized>
         <run_address>0x2000fe00</run_address>
         <size>0x4</size>
         <input_file_ref idref="fl-d0"/>
      </object_component>
      <object_component id="oc-2db">
         <name>.stack</name>
         <uninitialized>true</uninitialized>
         <run_address>0x2000fe00</run_address>
         <size>0x0</size>
      </object_component>
      <object_component id="oc-1b2">
         <name>.debug_info</name>
         <load_address>0x0</load_address>
         <run_address>0x0</run_address>
         <size>0x543</size>
         <input_file_ref idref="fl-2"/>
      </object_component>
      <object_component id="oc-19a">
         <name>.debug_info</name>
         <load_address>0x543</load_address>
         <run_address>0x543</run_address>
         <size>0x19f</size>
         <input_file_ref idref="fl-2"/>
      </object_component>
      <object_component id="oc-bf">
         <name>.debug_info</name>
         <load_address>0x6e2</load_address>
         <run_address>0x6e2</run_address>
         <size>0x2c3</size>
         <input_file_ref idref="fl-2"/>
      </object_component>
      <object_component id="oc-240">
         <name>.debug_info</name>
         <load_address>0x9a5</load_address>
         <run_address>0x9a5</run_address>
         <size>0x37e2</size>
         <input_file_ref idref="fl-2"/>
      </object_component>
      <object_component id="oc-e9">
         <name>.debug_info</name>
         <load_address>0x4187</load_address>
         <run_address>0x4187</run_address>
         <size>0x26b</size>
         <input_file_ref idref="fl-2"/>
      </object_component>
      <object_component id="oc-1a6">
         <name>.debug_info</name>
         <load_address>0x43f2</load_address>
         <run_address>0x43f2</run_address>
         <size>0x1055</size>
         <input_file_ref idref="fl-2"/>
      </object_component>
      <object_component id="oc-32">
         <name>.debug_info</name>
         <load_address>0x5447</load_address>
         <run_address>0x5447</run_address>
         <size>0x84</size>
         <input_file_ref idref="fl-2"/>
      </object_component>
      <object_component id="oc-1ad">
         <name>.debug_info</name>
         <load_address>0x54cb</load_address>
         <run_address>0x54cb</run_address>
         <size>0x2a4</size>
         <input_file_ref idref="fl-2"/>
      </object_component>
      <object_component id="oc-d8">
         <name>.debug_info</name>
         <load_address>0x576f</load_address>
         <run_address>0x576f</run_address>
         <size>0xbb</size>
         <input_file_ref idref="fl-2"/>
      </object_component>
      <object_component id="oc-b9">
         <name>.debug_info</name>
         <load_address>0x582a</load_address>
         <run_address>0x582a</run_address>
         <size>0x284</size>
         <input_file_ref idref="fl-3"/>
      </object_component>
      <object_component id="oc-23d">
         <name>.debug_info</name>
         <load_address>0x5aae</load_address>
         <run_address>0x5aae</run_address>
         <size>0x548</size>
         <input_file_ref idref="fl-4"/>
      </object_component>
      <object_component id="oc-1a1">
         <name>.debug_info</name>
         <load_address>0x5ff6</load_address>
         <run_address>0x5ff6</run_address>
         <size>0x37e2</size>
         <input_file_ref idref="fl-4"/>
      </object_component>
      <object_component id="oc-195">
         <name>.debug_info</name>
         <load_address>0x97d8</load_address>
         <run_address>0x97d8</run_address>
         <size>0xf0</size>
         <input_file_ref idref="fl-5"/>
      </object_component>
      <object_component id="oc-b3">
         <name>.debug_info</name>
         <load_address>0x98c8</load_address>
         <run_address>0x98c8</run_address>
         <size>0x9c2</size>
         <input_file_ref idref="fl-5"/>
      </object_component>
      <object_component id="oc-dd">
         <name>.debug_info</name>
         <load_address>0xa28a</load_address>
         <run_address>0xa28a</run_address>
         <size>0x51</size>
         <input_file_ref idref="fl-5"/>
      </object_component>
      <object_component id="oc-141">
         <name>.debug_info</name>
         <load_address>0xa2db</load_address>
         <run_address>0xa2db</run_address>
         <size>0x6aa</size>
         <input_file_ref idref="fl-6"/>
      </object_component>
      <object_component id="oc-155">
         <name>.debug_info</name>
         <load_address>0xa985</load_address>
         <run_address>0xa985</run_address>
         <size>0xe7</size>
         <input_file_ref idref="fl-6"/>
      </object_component>
      <object_component id="oc-144">
         <name>.debug_info</name>
         <load_address>0xaa6c</load_address>
         <run_address>0xaa6c</run_address>
         <size>0xe8</size>
         <input_file_ref idref="fl-6"/>
      </object_component>
      <object_component id="oc-147">
         <name>.debug_info</name>
         <load_address>0xab54</load_address>
         <run_address>0xab54</run_address>
         <size>0xe8</size>
         <input_file_ref idref="fl-6"/>
      </object_component>
      <object_component id="oc-14a">
         <name>.debug_info</name>
         <load_address>0xac3c</load_address>
         <run_address>0xac3c</run_address>
         <size>0xe8</size>
         <input_file_ref idref="fl-6"/>
      </object_component>
      <object_component id="oc-14d">
         <name>.debug_info</name>
         <load_address>0xad24</load_address>
         <run_address>0xad24</run_address>
         <size>0xea</size>
         <input_file_ref idref="fl-6"/>
      </object_component>
      <object_component id="oc-150">
         <name>.debug_info</name>
         <load_address>0xae0e</load_address>
         <run_address>0xae0e</run_address>
         <size>0xe8</size>
         <input_file_ref idref="fl-6"/>
      </object_component>
      <object_component id="oc-158">
         <name>.debug_info</name>
         <load_address>0xaef6</load_address>
         <run_address>0xaef6</run_address>
         <size>0xec</size>
         <input_file_ref idref="fl-6"/>
      </object_component>
      <object_component id="oc-15b">
         <name>.debug_info</name>
         <load_address>0xafe2</load_address>
         <run_address>0xafe2</run_address>
         <size>0xee</size>
         <input_file_ref idref="fl-6"/>
      </object_component>
      <object_component id="oc-15e">
         <name>.debug_info</name>
         <load_address>0xb0d0</load_address>
         <run_address>0xb0d0</run_address>
         <size>0xea</size>
         <input_file_ref idref="fl-6"/>
      </object_component>
      <object_component id="oc-161">
         <name>.debug_info</name>
         <load_address>0xb1ba</load_address>
         <run_address>0xb1ba</run_address>
         <size>0xf6</size>
         <input_file_ref idref="fl-6"/>
      </object_component>
      <object_component id="oc-164">
         <name>.debug_info</name>
         <load_address>0xb2b0</load_address>
         <run_address>0xb2b0</run_address>
         <size>0xf6</size>
         <input_file_ref idref="fl-6"/>
      </object_component>
      <object_component id="oc-167">
         <name>.debug_info</name>
         <load_address>0xb3a6</load_address>
         <run_address>0xb3a6</run_address>
         <size>0xf6</size>
         <input_file_ref idref="fl-6"/>
      </object_component>
      <object_component id="oc-16a">
         <name>.debug_info</name>
         <load_address>0xb49c</load_address>
         <run_address>0xb49c</run_address>
         <size>0xf6</size>
         <input_file_ref idref="fl-6"/>
      </object_component>
      <object_component id="oc-16d">
         <name>.debug_info</name>
         <load_address>0xb592</load_address>
         <run_address>0xb592</run_address>
         <size>0xf6</size>
         <input_file_ref idref="fl-6"/>
      </object_component>
      <object_component id="oc-170">
         <name>.debug_info</name>
         <load_address>0xb688</load_address>
         <run_address>0xb688</run_address>
         <size>0xf6</size>
         <input_file_ref idref="fl-6"/>
      </object_component>
      <object_component id="oc-173">
         <name>.debug_info</name>
         <load_address>0xb77e</load_address>
         <run_address>0xb77e</run_address>
         <size>0xf6</size>
         <input_file_ref idref="fl-6"/>
      </object_component>
      <object_component id="oc-176">
         <name>.debug_info</name>
         <load_address>0xb874</load_address>
         <run_address>0xb874</run_address>
         <size>0xf6</size>
         <input_file_ref idref="fl-6"/>
      </object_component>
      <object_component id="oc-179">
         <name>.debug_info</name>
         <load_address>0xb96a</load_address>
         <run_address>0xb96a</run_address>
         <size>0xf6</size>
         <input_file_ref idref="fl-6"/>
      </object_component>
      <object_component id="oc-17c">
         <name>.debug_info</name>
         <load_address>0xba60</load_address>
         <run_address>0xba60</run_address>
         <size>0xf6</size>
         <input_file_ref idref="fl-6"/>
      </object_component>
      <object_component id="oc-17f">
         <name>.debug_info</name>
         <load_address>0xbb56</load_address>
         <run_address>0xbb56</run_address>
         <size>0x111</size>
         <input_file_ref idref="fl-6"/>
      </object_component>
      <object_component id="oc-af">
         <name>.debug_info</name>
         <load_address>0xbc67</load_address>
         <run_address>0xbc67</run_address>
         <size>0x2981</size>
         <input_file_ref idref="fl-6"/>
      </object_component>
      <object_component id="oc-cb">
         <name>.debug_info</name>
         <load_address>0xe5e8</load_address>
         <run_address>0xe5e8</run_address>
         <size>0x93b</size>
         <input_file_ref idref="fl-7"/>
      </object_component>
      <object_component id="oc-d0">
         <name>.debug_info</name>
         <load_address>0xef23</load_address>
         <run_address>0xef23</run_address>
         <size>0xf9</size>
         <input_file_ref idref="fl-7"/>
      </object_component>
      <object_component id="oc-6e">
         <name>.debug_info</name>
         <load_address>0xf01c</load_address>
         <run_address>0xf01c</run_address>
         <size>0xa85</size>
         <input_file_ref idref="fl-7"/>
      </object_component>
      <object_component id="oc-d3">
         <name>.debug_info</name>
         <load_address>0xfaa1</load_address>
         <run_address>0xfaa1</run_address>
         <size>0x8b</size>
         <input_file_ref idref="fl-7"/>
      </object_component>
      <object_component id="oc-e2">
         <name>.debug_info</name>
         <load_address>0xfb2c</load_address>
         <run_address>0xfb2c</run_address>
         <size>0x51</size>
         <input_file_ref idref="fl-7"/>
      </object_component>
      <object_component id="oc-19e">
         <name>.debug_info</name>
         <load_address>0xfb7d</load_address>
         <run_address>0xfb7d</run_address>
         <size>0x572</size>
         <input_file_ref idref="fl-8"/>
      </object_component>
      <object_component id="oc-c5">
         <name>.debug_info</name>
         <load_address>0x100ef</load_address>
         <run_address>0x100ef</run_address>
         <size>0x1d3</size>
         <input_file_ref idref="fl-8"/>
      </object_component>
      <object_component id="oc-75">
         <name>.debug_info</name>
         <load_address>0x102c2</load_address>
         <run_address>0x102c2</run_address>
         <size>0x2e2</size>
         <input_file_ref idref="fl-9"/>
      </object_component>
      <object_component id="oc-27">
         <name>.debug_info</name>
         <load_address>0x105a4</load_address>
         <run_address>0x105a4</run_address>
         <size>0x10e</size>
         <input_file_ref idref="fl-9"/>
      </object_component>
      <object_component id="oc-6b">
         <name>.debug_info</name>
         <load_address>0x106b2</load_address>
         <run_address>0x106b2</run_address>
         <size>0x1d5</size>
         <input_file_ref idref="fl-9"/>
      </object_component>
      <object_component id="oc-13d">
         <name>.debug_info</name>
         <load_address>0x10887</load_address>
         <run_address>0x10887</run_address>
         <size>0x107</size>
         <input_file_ref idref="fl-a"/>
      </object_component>
      <object_component id="oc-a6">
         <name>.debug_info</name>
         <load_address>0x1098e</load_address>
         <run_address>0x1098e</run_address>
         <size>0x279</size>
         <input_file_ref idref="fl-a"/>
      </object_component>
      <object_component id="oc-234">
         <name>.debug_info</name>
         <load_address>0x10c07</load_address>
         <run_address>0x10c07</run_address>
         <size>0x35e</size>
         <input_file_ref idref="fl-c4"/>
      </object_component>
      <object_component id="oc-21c">
         <name>.debug_info</name>
         <load_address>0x10f65</load_address>
         <run_address>0x10f65</run_address>
         <size>0x128</size>
         <input_file_ref idref="fl-c4"/>
      </object_component>
      <object_component id="oc-189">
         <name>.debug_info</name>
         <load_address>0x1108d</load_address>
         <run_address>0x1108d</run_address>
         <size>0xbf2</size>
         <input_file_ref idref="fl-c4"/>
      </object_component>
      <object_component id="oc-281">
         <name>.debug_info</name>
         <load_address>0x11c7f</load_address>
         <run_address>0x11c7f</run_address>
         <size>0x46</size>
         <input_file_ref idref="fl-c4"/>
      </object_component>
      <object_component id="oc-22f">
         <name>.debug_info</name>
         <load_address>0x11cc5</load_address>
         <run_address>0x11cc5</run_address>
         <size>0x39</size>
         <input_file_ref idref="fl-c4"/>
      </object_component>
      <object_component id="oc-269">
         <name>.debug_info</name>
         <load_address>0x11cfe</load_address>
         <run_address>0x11cfe</run_address>
         <size>0x2c5</size>
         <input_file_ref idref="fl-c5"/>
      </object_component>
      <object_component id="oc-20b">
         <name>.debug_info</name>
         <load_address>0x11fc3</load_address>
         <run_address>0x11fc3</run_address>
         <size>0x24e</size>
         <input_file_ref idref="fl-c5"/>
      </object_component>
      <object_component id="oc-27b">
         <name>.debug_info</name>
         <load_address>0x12211</load_address>
         <run_address>0x12211</run_address>
         <size>0x2f8</size>
         <input_file_ref idref="fl-c6"/>
      </object_component>
      <object_component id="oc-229">
         <name>.debug_info</name>
         <load_address>0x12509</load_address>
         <run_address>0x12509</run_address>
         <size>0x225</size>
         <input_file_ref idref="fl-c6"/>
      </object_component>
      <object_component id="oc-2a2">
         <name>.debug_info</name>
         <load_address>0x1272e</load_address>
         <run_address>0x1272e</run_address>
         <size>0x39</size>
         <input_file_ref idref="fl-c6"/>
      </object_component>
      <object_component id="oc-27c">
         <name>.debug_info</name>
         <load_address>0x12767</load_address>
         <run_address>0x12767</run_address>
         <size>0x2c</size>
         <input_file_ref idref="fl-c6"/>
      </object_component>
      <object_component id="oc-203">
         <name>.debug_info</name>
         <load_address>0x12793</load_address>
         <run_address>0x12793</run_address>
         <size>0x14c</size>
         <input_file_ref idref="fl-c7"/>
      </object_component>
      <object_component id="oc-21f">
         <name>.debug_info</name>
         <load_address>0x128df</load_address>
         <run_address>0x128df</run_address>
         <size>0x128</size>
         <input_file_ref idref="fl-c8"/>
      </object_component>
      <object_component id="oc-226">
         <name>.debug_info</name>
         <load_address>0x12a07</load_address>
         <run_address>0x12a07</run_address>
         <size>0x12a</size>
         <input_file_ref idref="fl-c8"/>
      </object_component>
      <object_component id="oc-206">
         <name>.debug_info</name>
         <load_address>0x12b31</load_address>
         <run_address>0x12b31</run_address>
         <size>0x13a</size>
         <input_file_ref idref="fl-c9"/>
      </object_component>
      <object_component id="oc-217">
         <name>.debug_info</name>
         <load_address>0x12c6b</load_address>
         <run_address>0x12c6b</run_address>
         <size>0x13a</size>
         <input_file_ref idref="fl-ca"/>
      </object_component>
      <object_component id="oc-18f">
         <name>.debug_info</name>
         <load_address>0x12da5</load_address>
         <run_address>0x12da5</run_address>
         <size>0x12e</size>
         <input_file_ref idref="fl-cb"/>
      </object_component>
      <object_component id="oc-186">
         <name>.debug_info</name>
         <load_address>0x12ed3</load_address>
         <run_address>0x12ed3</run_address>
         <size>0x12c</size>
         <input_file_ref idref="fl-cc"/>
      </object_component>
      <object_component id="oc-8c">
         <name>.debug_info</name>
         <load_address>0x12fff</load_address>
         <run_address>0x12fff</run_address>
         <size>0x2d4</size>
         <input_file_ref idref="fl-cd"/>
      </object_component>
      <object_component id="oc-4d">
         <name>.debug_info</name>
         <load_address>0x132d3</load_address>
         <run_address>0x132d3</run_address>
         <size>0x1b5</size>
         <input_file_ref idref="fl-cd"/>
      </object_component>
      <object_component id="oc-87">
         <name>.debug_info</name>
         <load_address>0x13488</load_address>
         <run_address>0x13488</run_address>
         <size>0x46</size>
         <input_file_ref idref="fl-cd"/>
      </object_component>
      <object_component id="oc-f5">
         <name>.debug_info</name>
         <load_address>0x134ce</load_address>
         <run_address>0x134ce</run_address>
         <size>0x2c</size>
         <input_file_ref idref="fl-cd"/>
      </object_component>
      <object_component id="oc-42">
         <name>.debug_info</name>
         <load_address>0x134fa</load_address>
         <run_address>0x134fa</run_address>
         <size>0x2a8</size>
         <input_file_ref idref="fl-ce"/>
      </object_component>
      <object_component id="oc-1f">
         <name>.debug_info</name>
         <load_address>0x137a2</load_address>
         <run_address>0x137a2</run_address>
         <size>0x1ea</size>
         <input_file_ref idref="fl-ce"/>
      </object_component>
      <object_component id="oc-3d">
         <name>.debug_info</name>
         <load_address>0x1398c</load_address>
         <run_address>0x1398c</run_address>
         <size>0x46</size>
         <input_file_ref idref="fl-ce"/>
      </object_component>
      <object_component id="oc-7f">
         <name>.debug_info</name>
         <load_address>0x139d2</load_address>
         <run_address>0x139d2</run_address>
         <size>0x2c</size>
         <input_file_ref idref="fl-ce"/>
      </object_component>
      <object_component id="oc-7d">
         <name>.debug_info</name>
         <load_address>0x139fe</load_address>
         <run_address>0x139fe</run_address>
         <size>0x29e</size>
         <input_file_ref idref="fl-cf"/>
      </object_component>
      <object_component id="oc-19">
         <name>.debug_info</name>
         <load_address>0x13c9c</load_address>
         <run_address>0x13c9c</run_address>
         <size>0x250</size>
         <input_file_ref idref="fl-cf"/>
      </object_component>
      <object_component id="oc-2d">
         <name>.debug_info</name>
         <load_address>0x13eec</load_address>
         <run_address>0x13eec</run_address>
         <size>0x60</size>
         <input_file_ref idref="fl-cf"/>
      </object_component>
      <object_component id="oc-ee">
         <name>.debug_info</name>
         <load_address>0x13f4c</load_address>
         <run_address>0x13f4c</run_address>
         <size>0x46</size>
         <input_file_ref idref="fl-cf"/>
      </object_component>
      <object_component id="oc-78">
         <name>.debug_info</name>
         <load_address>0x13f92</load_address>
         <run_address>0x13f92</run_address>
         <size>0x39</size>
         <input_file_ref idref="fl-cf"/>
      </object_component>
      <object_component id="oc-2a">
         <name>.debug_info</name>
         <load_address>0x13fcb</load_address>
         <run_address>0x13fcb</run_address>
         <size>0x10b</size>
         <input_file_ref idref="fl-d0"/>
      </object_component>
      <object_component id="oc-56">
         <name>.debug_info</name>
         <load_address>0x140d6</load_address>
         <run_address>0x140d6</run_address>
         <size>0x1a9</size>
         <input_file_ref idref="fl-d0"/>
      </object_component>
      <object_component id="oc-26e">
         <name>.debug_info</name>
         <load_address>0x1427f</load_address>
         <run_address>0x1427f</run_address>
         <size>0x289</size>
         <input_file_ref idref="fl-d1"/>
      </object_component>
      <object_component id="oc-26b">
         <name>.debug_info</name>
         <load_address>0x14508</load_address>
         <run_address>0x14508</run_address>
         <size>0x10e</size>
         <input_file_ref idref="fl-d1"/>
      </object_component>
      <object_component id="oc-213">
         <name>.debug_info</name>
         <load_address>0x14616</load_address>
         <run_address>0x14616</run_address>
         <size>0x14e</size>
         <input_file_ref idref="fl-d1"/>
      </object_component>
      <object_component id="oc-278">
         <name>.debug_info</name>
         <load_address>0x14764</load_address>
         <run_address>0x14764</run_address>
         <size>0x161</size>
         <input_file_ref idref="fl-d2"/>
      </object_component>
      <object_component id="oc-38">
         <name>.debug_info</name>
         <load_address>0x148c5</load_address>
         <run_address>0x148c5</run_address>
         <size>0x119</size>
         <input_file_ref idref="fl-d3"/>
      </object_component>
      <object_component id="oc-90">
         <name>.debug_info</name>
         <load_address>0x149de</load_address>
         <run_address>0x149de</run_address>
         <size>0x147</size>
         <input_file_ref idref="fl-d4"/>
      </object_component>
      <object_component id="oc-1be">
         <name>.debug_info</name>
         <load_address>0x14b25</load_address>
         <run_address>0x14b25</run_address>
         <size>0x4b3</size>
         <input_file_ref idref="fl-d5"/>
      </object_component>
      <object_component id="oc-10b">
         <name>.debug_info</name>
         <load_address>0x14fd8</load_address>
         <run_address>0x14fd8</run_address>
         <size>0x1a6</size>
         <input_file_ref idref="fl-d5"/>
      </object_component>
      <object_component id="oc-255">
         <name>.debug_info</name>
         <load_address>0x1517e</load_address>
         <run_address>0x1517e</run_address>
         <size>0x39</size>
         <input_file_ref idref="fl-d5"/>
      </object_component>
      <object_component id="oc-28d">
         <name>.debug_info</name>
         <load_address>0x151b7</load_address>
         <run_address>0x151b7</run_address>
         <size>0x39</size>
         <input_file_ref idref="fl-d5"/>
      </object_component>
      <object_component id="oc-25a">
         <name>.debug_info</name>
         <load_address>0x151f0</load_address>
         <run_address>0x151f0</run_address>
         <size>0x39</size>
         <input_file_ref idref="fl-d5"/>
      </object_component>
      <object_component id="oc-25f">
         <name>.debug_info</name>
         <load_address>0x15229</load_address>
         <run_address>0x15229</run_address>
         <size>0xcd</size>
         <input_file_ref idref="fl-d5"/>
      </object_component>
      <object_component id="oc-95">
         <name>.debug_info</name>
         <load_address>0x152f6</load_address>
         <run_address>0x152f6</run_address>
         <size>0x153</size>
         <input_file_ref idref="fl-d6"/>
      </object_component>
      <object_component id="oc-ff">
         <name>.debug_info</name>
         <load_address>0x15449</load_address>
         <run_address>0x15449</run_address>
         <size>0x122</size>
         <input_file_ref idref="fl-d8"/>
      </object_component>
      <object_component id="oc-2dc">
         <name>.debug_info</name>
         <load_address>0x1556b</load_address>
         <run_address>0x1556b</run_address>
         <size>0xba</size>
      </object_component>
      <object_component id="oc-23f">
         <name>.debug_line</name>
         <load_address>0x0</load_address>
         <run_address>0x0</run_address>
         <size>0x20</size>
         <input_file_ref idref="fl-2"/>
      </object_component>
      <object_component id="oc-23a">
         <name>.debug_line</name>
         <load_address>0x20</load_address>
         <run_address>0x20</run_address>
         <size>0x2e</size>
         <input_file_ref idref="fl-2"/>
      </object_component>
      <object_component id="oc-c3">
         <name>.debug_line</name>
         <load_address>0x4e</load_address>
         <run_address>0x4e</run_address>
         <size>0xfb</size>
         <input_file_ref idref="fl-2"/>
      </object_component>
      <object_component id="oc-243">
         <name>.debug_line</name>
         <load_address>0x149</load_address>
         <run_address>0x149</run_address>
         <size>0x58</size>
         <input_file_ref idref="fl-2"/>
      </object_component>
      <object_component id="oc-ec">
         <name>.debug_line</name>
         <load_address>0x1a1</load_address>
         <run_address>0x1a1</run_address>
         <size>0x6f</size>
         <input_file_ref idref="fl-2"/>
      </object_component>
      <object_component id="oc-1a9">
         <name>.debug_line</name>
         <load_address>0x210</load_address>
         <run_address>0x210</run_address>
         <size>0x5b</size>
         <input_file_ref idref="fl-2"/>
      </object_component>
      <object_component id="oc-35">
         <name>.debug_line</name>
         <load_address>0x26b</load_address>
         <run_address>0x26b</run_address>
         <size>0x20</size>
         <input_file_ref idref="fl-2"/>
      </object_component>
      <object_component id="oc-1b0">
         <name>.debug_line</name>
         <load_address>0x28b</load_address>
         <run_address>0x28b</run_address>
         <size>0x73</size>
         <input_file_ref idref="fl-2"/>
      </object_component>
      <object_component id="oc-db">
         <name>.debug_line</name>
         <load_address>0x2fe</load_address>
         <run_address>0x2fe</run_address>
         <size>0x70</size>
         <input_file_ref idref="fl-2"/>
      </object_component>
      <object_component id="oc-bc">
         <name>.debug_line</name>
         <load_address>0x36e</load_address>
         <run_address>0x36e</run_address>
         <size>0xaf</size>
         <input_file_ref idref="fl-3"/>
      </object_component>
      <object_component id="oc-289">
         <name>.debug_line</name>
         <load_address>0x41d</load_address>
         <run_address>0x41d</run_address>
         <size>0x20</size>
         <input_file_ref idref="fl-4"/>
      </object_component>
      <object_component id="oc-1a4">
         <name>.debug_line</name>
         <load_address>0x43d</load_address>
         <run_address>0x43d</run_address>
         <size>0x58</size>
         <input_file_ref idref="fl-4"/>
      </object_component>
      <object_component id="oc-238">
         <name>.debug_line</name>
         <load_address>0x495</load_address>
         <run_address>0x495</run_address>
         <size>0x30</size>
         <input_file_ref idref="fl-5"/>
      </object_component>
      <object_component id="oc-b7">
         <name>.debug_line</name>
         <load_address>0x4c5</load_address>
         <run_address>0x4c5</run_address>
         <size>0x26e</size>
         <input_file_ref idref="fl-5"/>
      </object_component>
      <object_component id="oc-e0">
         <name>.debug_line</name>
         <load_address>0x733</load_address>
         <run_address>0x733</run_address>
         <size>0x30</size>
         <input_file_ref idref="fl-5"/>
      </object_component>
      <object_component id="oc-1d6">
         <name>.debug_line</name>
         <load_address>0x763</load_address>
         <run_address>0x763</run_address>
         <size>0x79</size>
         <input_file_ref idref="fl-6"/>
      </object_component>
      <object_component id="oc-1e2">
         <name>.debug_line</name>
         <load_address>0x7dc</load_address>
         <run_address>0x7dc</run_address>
         <size>0x30</size>
         <input_file_ref idref="fl-6"/>
      </object_component>
      <object_component id="oc-1d8">
         <name>.debug_line</name>
         <load_address>0x80c</load_address>
         <run_address>0x80c</run_address>
         <size>0x30</size>
         <input_file_ref idref="fl-6"/>
      </object_component>
      <object_component id="oc-1da">
         <name>.debug_line</name>
         <load_address>0x83c</load_address>
         <run_address>0x83c</run_address>
         <size>0x30</size>
         <input_file_ref idref="fl-6"/>
      </object_component>
      <object_component id="oc-1dc">
         <name>.debug_line</name>
         <load_address>0x86c</load_address>
         <run_address>0x86c</run_address>
         <size>0x30</size>
         <input_file_ref idref="fl-6"/>
      </object_component>
      <object_component id="oc-1de">
         <name>.debug_line</name>
         <load_address>0x89c</load_address>
         <run_address>0x89c</run_address>
         <size>0x30</size>
         <input_file_ref idref="fl-6"/>
      </object_component>
      <object_component id="oc-1e0">
         <name>.debug_line</name>
         <load_address>0x8cc</load_address>
         <run_address>0x8cc</run_address>
         <size>0x30</size>
         <input_file_ref idref="fl-6"/>
      </object_component>
      <object_component id="oc-1e4">
         <name>.debug_line</name>
         <load_address>0x8fc</load_address>
         <run_address>0x8fc</run_address>
         <size>0x30</size>
         <input_file_ref idref="fl-6"/>
      </object_component>
      <object_component id="oc-1e6">
         <name>.debug_line</name>
         <load_address>0x92c</load_address>
         <run_address>0x92c</run_address>
         <size>0x30</size>
         <input_file_ref idref="fl-6"/>
      </object_component>
      <object_component id="oc-1e8">
         <name>.debug_line</name>
         <load_address>0x95c</load_address>
         <run_address>0x95c</run_address>
         <size>0x30</size>
         <input_file_ref idref="fl-6"/>
      </object_component>
      <object_component id="oc-1ea">
         <name>.debug_line</name>
         <load_address>0x98c</load_address>
         <run_address>0x98c</run_address>
         <size>0x30</size>
         <input_file_ref idref="fl-6"/>
      </object_component>
      <object_component id="oc-1ec">
         <name>.debug_line</name>
         <load_address>0x9bc</load_address>
         <run_address>0x9bc</run_address>
         <size>0x30</size>
         <input_file_ref idref="fl-6"/>
      </object_component>
      <object_component id="oc-1ee">
         <name>.debug_line</name>
         <load_address>0x9ec</load_address>
         <run_address>0x9ec</run_address>
         <size>0x30</size>
         <input_file_ref idref="fl-6"/>
      </object_component>
      <object_component id="oc-1f0">
         <name>.debug_line</name>
         <load_address>0xa1c</load_address>
         <run_address>0xa1c</run_address>
         <size>0x30</size>
         <input_file_ref idref="fl-6"/>
      </object_component>
      <object_component id="oc-1f2">
         <name>.debug_line</name>
         <load_address>0xa4c</load_address>
         <run_address>0xa4c</run_address>
         <size>0x30</size>
         <input_file_ref idref="fl-6"/>
      </object_component>
      <object_component id="oc-1f4">
         <name>.debug_line</name>
         <load_address>0xa7c</load_address>
         <run_address>0xa7c</run_address>
         <size>0x30</size>
         <input_file_ref idref="fl-6"/>
      </object_component>
      <object_component id="oc-1f6">
         <name>.debug_line</name>
         <load_address>0xaac</load_address>
         <run_address>0xaac</run_address>
         <size>0x30</size>
         <input_file_ref idref="fl-6"/>
      </object_component>
      <object_component id="oc-1f8">
         <name>.debug_line</name>
         <load_address>0xadc</load_address>
         <run_address>0xadc</run_address>
         <size>0x30</size>
         <input_file_ref idref="fl-6"/>
      </object_component>
      <object_component id="oc-1fa">
         <name>.debug_line</name>
         <load_address>0xb0c</load_address>
         <run_address>0xb0c</run_address>
         <size>0x30</size>
         <input_file_ref idref="fl-6"/>
      </object_component>
      <object_component id="oc-1fc">
         <name>.debug_line</name>
         <load_address>0xb3c</load_address>
         <run_address>0xb3c</run_address>
         <size>0x30</size>
         <input_file_ref idref="fl-6"/>
      </object_component>
      <object_component id="oc-1fe">
         <name>.debug_line</name>
         <load_address>0xb6c</load_address>
         <run_address>0xb6c</run_address>
         <size>0x30</size>
         <input_file_ref idref="fl-6"/>
      </object_component>
      <object_component id="oc-ad">
         <name>.debug_line</name>
         <load_address>0xb9c</load_address>
         <run_address>0xb9c</run_address>
         <size>0x95f</size>
         <input_file_ref idref="fl-6"/>
      </object_component>
      <object_component id="oc-1a0">
         <name>.debug_line</name>
         <load_address>0x14fb</load_address>
         <run_address>0x14fb</run_address>
         <size>0x9b</size>
         <input_file_ref idref="fl-7"/>
      </object_component>
      <object_component id="oc-1ac">
         <name>.debug_line</name>
         <load_address>0x1596</load_address>
         <run_address>0x1596</run_address>
         <size>0x33</size>
         <input_file_ref idref="fl-7"/>
      </object_component>
      <object_component id="oc-71">
         <name>.debug_line</name>
         <load_address>0x15c9</load_address>
         <run_address>0x15c9</run_address>
         <size>0x292</size>
         <input_file_ref idref="fl-7"/>
      </object_component>
      <object_component id="oc-d6">
         <name>.debug_line</name>
         <load_address>0x185b</load_address>
         <run_address>0x185b</run_address>
         <size>0x20</size>
         <input_file_ref idref="fl-7"/>
      </object_component>
      <object_component id="oc-e5">
         <name>.debug_line</name>
         <load_address>0x187b</load_address>
         <run_address>0x187b</run_address>
         <size>0x33</size>
         <input_file_ref idref="fl-7"/>
      </object_component>
      <object_component id="oc-23c">
         <name>.debug_line</name>
         <load_address>0x18ae</load_address>
         <run_address>0x18ae</run_address>
         <size>0x35</size>
         <input_file_ref idref="fl-8"/>
      </object_component>
      <object_component id="oc-c8">
         <name>.debug_line</name>
         <load_address>0x18e3</load_address>
         <run_address>0x18e3</run_address>
         <size>0x6d</size>
         <input_file_ref idref="fl-8"/>
      </object_component>
      <object_component id="oc-e8">
         <name>.debug_line</name>
         <load_address>0x1950</load_address>
         <run_address>0x1950</run_address>
         <size>0x40</size>
         <input_file_ref idref="fl-9"/>
      </object_component>
      <object_component id="oc-74">
         <name>.debug_line</name>
         <load_address>0x1990</load_address>
         <run_address>0x1990</run_address>
         <size>0x40</size>
         <input_file_ref idref="fl-9"/>
      </object_component>
      <object_component id="oc-6a">
         <name>.debug_line</name>
         <load_address>0x19d0</load_address>
         <run_address>0x19d0</run_address>
         <size>0x71</size>
         <input_file_ref idref="fl-9"/>
      </object_component>
      <object_component id="oc-1d4">
         <name>.debug_line</name>
         <load_address>0x1a41</load_address>
         <run_address>0x1a41</run_address>
         <size>0x3b</size>
         <input_file_ref idref="fl-a"/>
      </object_component>
      <object_component id="oc-aa">
         <name>.debug_line</name>
         <load_address>0x1a7c</load_address>
         <run_address>0x1a7c</run_address>
         <size>0x134</size>
         <input_file_ref idref="fl-a"/>
      </object_component>
      <object_component id="oc-287">
         <name>.debug_line</name>
         <load_address>0x1bb0</load_address>
         <run_address>0x1bb0</run_address>
         <size>0x9b</size>
         <input_file_ref idref="fl-c4"/>
      </object_component>
      <object_component id="oc-271">
         <name>.debug_line</name>
         <load_address>0x1c4b</load_address>
         <run_address>0x1c4b</run_address>
         <size>0x2b</size>
         <input_file_ref idref="fl-c4"/>
      </object_component>
      <object_component id="oc-18c">
         <name>.debug_line</name>
         <load_address>0x1c76</load_address>
         <run_address>0x1c76</run_address>
         <size>0x2b6</size>
         <input_file_ref idref="fl-c4"/>
      </object_component>
      <object_component id="oc-284">
         <name>.debug_line</name>
         <load_address>0x1f2c</load_address>
         <run_address>0x1f2c</run_address>
         <size>0x9a</size>
         <input_file_ref idref="fl-c4"/>
      </object_component>
      <object_component id="oc-232">
         <name>.debug_line</name>
         <load_address>0x1fc6</load_address>
         <run_address>0x1fc6</run_address>
         <size>0x97</size>
         <input_file_ref idref="fl-c4"/>
      </object_component>
      <object_component id="oc-29a">
         <name>.debug_line</name>
         <load_address>0x205d</load_address>
         <run_address>0x205d</run_address>
         <size>0x91</size>
         <input_file_ref idref="fl-c5"/>
      </object_component>
      <object_component id="oc-20f">
         <name>.debug_line</name>
         <load_address>0x20ee</load_address>
         <run_address>0x20ee</run_address>
         <size>0x13f</size>
         <input_file_ref idref="fl-c5"/>
      </object_component>
      <object_component id="oc-2a1">
         <name>.debug_line</name>
         <load_address>0x222d</load_address>
         <run_address>0x222d</run_address>
         <size>0x9b</size>
         <input_file_ref idref="fl-c6"/>
      </object_component>
      <object_component id="oc-22d">
         <name>.debug_line</name>
         <load_address>0x22c8</load_address>
         <run_address>0x22c8</run_address>
         <size>0xa4</size>
         <input_file_ref idref="fl-c6"/>
      </object_component>
      <object_component id="oc-2a5">
         <name>.debug_line</name>
         <load_address>0x236c</load_address>
         <run_address>0x236c</run_address>
         <size>0x9a</size>
         <input_file_ref idref="fl-c6"/>
      </object_component>
      <object_component id="oc-27f">
         <name>.debug_line</name>
         <load_address>0x2406</load_address>
         <run_address>0x2406</run_address>
         <size>0x97</size>
         <input_file_ref idref="fl-c6"/>
      </object_component>
      <object_component id="oc-201">
         <name>.debug_line</name>
         <load_address>0x249d</load_address>
         <run_address>0x249d</run_address>
         <size>0xd2</size>
         <input_file_ref idref="fl-c7"/>
      </object_component>
      <object_component id="oc-222">
         <name>.debug_line</name>
         <load_address>0x256f</load_address>
         <run_address>0x256f</run_address>
         <size>0x77</size>
         <input_file_ref idref="fl-c8"/>
      </object_component>
      <object_component id="oc-224">
         <name>.debug_line</name>
         <load_address>0x25e6</load_address>
         <run_address>0x25e6</run_address>
         <size>0x77</size>
         <input_file_ref idref="fl-c8"/>
      </object_component>
      <object_component id="oc-209">
         <name>.debug_line</name>
         <load_address>0x265d</load_address>
         <run_address>0x265d</run_address>
         <size>0xa8</size>
         <input_file_ref idref="fl-c9"/>
      </object_component>
      <object_component id="oc-21a">
         <name>.debug_line</name>
         <load_address>0x2705</load_address>
         <run_address>0x2705</run_address>
         <size>0x8e</size>
         <input_file_ref idref="fl-ca"/>
      </object_component>
      <object_component id="oc-192">
         <name>.debug_line</name>
         <load_address>0x2793</load_address>
         <run_address>0x2793</run_address>
         <size>0x5a</size>
         <input_file_ref idref="fl-cb"/>
      </object_component>
      <object_component id="oc-184">
         <name>.debug_line</name>
         <load_address>0x27ed</load_address>
         <run_address>0x27ed</run_address>
         <size>0x50</size>
         <input_file_ref idref="fl-cc"/>
      </object_component>
      <object_component id="oc-fb">
         <name>.debug_line</name>
         <load_address>0x283d</load_address>
         <run_address>0x283d</run_address>
         <size>0x92</size>
         <input_file_ref idref="fl-cd"/>
      </object_component>
      <object_component id="oc-4b">
         <name>.debug_line</name>
         <load_address>0x28cf</load_address>
         <run_address>0x28cf</run_address>
         <size>0x53</size>
         <input_file_ref idref="fl-cd"/>
      </object_component>
      <object_component id="oc-8a">
         <name>.debug_line</name>
         <load_address>0x2922</load_address>
         <run_address>0x2922</run_address>
         <size>0x34</size>
         <input_file_ref idref="fl-cd"/>
      </object_component>
      <object_component id="oc-f8">
         <name>.debug_line</name>
         <load_address>0x2956</load_address>
         <run_address>0x2956</run_address>
         <size>0x92</size>
         <input_file_ref idref="fl-cd"/>
      </object_component>
      <object_component id="oc-85">
         <name>.debug_line</name>
         <load_address>0x29e8</load_address>
         <run_address>0x29e8</run_address>
         <size>0x20</size>
         <input_file_ref idref="fl-ce"/>
      </object_component>
      <object_component id="oc-1e">
         <name>.debug_line</name>
         <load_address>0x2a08</load_address>
         <run_address>0x2a08</run_address>
         <size>0x55</size>
         <input_file_ref idref="fl-ce"/>
      </object_component>
      <object_component id="oc-40">
         <name>.debug_line</name>
         <load_address>0x2a5d</load_address>
         <run_address>0x2a5d</run_address>
         <size>0x3a</size>
         <input_file_ref idref="fl-ce"/>
      </object_component>
      <object_component id="oc-82">
         <name>.debug_line</name>
         <load_address>0x2a97</load_address>
         <run_address>0x2a97</run_address>
         <size>0x92</size>
         <input_file_ref idref="fl-ce"/>
      </object_component>
      <object_component id="oc-f4">
         <name>.debug_line</name>
         <load_address>0x2b29</load_address>
         <run_address>0x2b29</run_address>
         <size>0x20</size>
         <input_file_ref idref="fl-cf"/>
      </object_component>
      <object_component id="oc-18">
         <name>.debug_line</name>
         <load_address>0x2b49</load_address>
         <run_address>0x2b49</run_address>
         <size>0xa9</size>
         <input_file_ref idref="fl-cf"/>
      </object_component>
      <object_component id="oc-30">
         <name>.debug_line</name>
         <load_address>0x2bf2</load_address>
         <run_address>0x2bf2</run_address>
         <size>0x3a</size>
         <input_file_ref idref="fl-cf"/>
      </object_component>
      <object_component id="oc-f1">
         <name>.debug_line</name>
         <load_address>0x2c2c</load_address>
         <run_address>0x2c2c</run_address>
         <size>0x9a</size>
         <input_file_ref idref="fl-cf"/>
      </object_component>
      <object_component id="oc-7b">
         <name>.debug_line</name>
         <load_address>0x2cc6</load_address>
         <run_address>0x2cc6</run_address>
         <size>0x96</size>
         <input_file_ref idref="fl-cf"/>
      </object_component>
      <object_component id="oc-77">
         <name>.debug_line</name>
         <load_address>0x2d5c</load_address>
         <run_address>0x2d5c</run_address>
         <size>0x33</size>
         <input_file_ref idref="fl-d0"/>
      </object_component>
      <object_component id="oc-5a">
         <name>.debug_line</name>
         <load_address>0x2d8f</load_address>
         <run_address>0x2d8f</run_address>
         <size>0x45</size>
         <input_file_ref idref="fl-d0"/>
      </object_component>
      <object_component id="oc-29e">
         <name>.debug_line</name>
         <load_address>0x2dd4</load_address>
         <run_address>0x2dd4</run_address>
         <size>0x20</size>
         <input_file_ref idref="fl-d1"/>
      </object_component>
      <object_component id="oc-29c">
         <name>.debug_line</name>
         <load_address>0x2df4</load_address>
         <run_address>0x2df4</run_address>
         <size>0x2b</size>
         <input_file_ref idref="fl-d1"/>
      </object_component>
      <object_component id="oc-211">
         <name>.debug_line</name>
         <load_address>0x2e1f</load_address>
         <run_address>0x2e1f</run_address>
         <size>0x40</size>
         <input_file_ref idref="fl-d1"/>
      </object_component>
      <object_component id="oc-276">
         <name>.debug_line</name>
         <load_address>0x2e5f</load_address>
         <run_address>0x2e5f</run_address>
         <size>0x45</size>
         <input_file_ref idref="fl-d2"/>
      </object_component>
      <object_component id="oc-3b">
         <name>.debug_line</name>
         <load_address>0x2ea4</load_address>
         <run_address>0x2ea4</run_address>
         <size>0x88</size>
         <input_file_ref idref="fl-d3"/>
      </object_component>
      <object_component id="oc-8f">
         <name>.debug_line</name>
         <load_address>0x2f2c</load_address>
         <run_address>0x2f2c</run_address>
         <size>0x79</size>
         <input_file_ref idref="fl-d4"/>
      </object_component>
      <object_component id="oc-254">
         <name>.debug_line</name>
         <load_address>0x2fa5</load_address>
         <run_address>0x2fa5</run_address>
         <size>0xbf</size>
         <input_file_ref idref="fl-d5"/>
      </object_component>
      <object_component id="oc-10e">
         <name>.debug_line</name>
         <load_address>0x3064</load_address>
         <run_address>0x3064</run_address>
         <size>0x6f</size>
         <input_file_ref idref="fl-d5"/>
      </object_component>
      <object_component id="oc-258">
         <name>.debug_line</name>
         <load_address>0x30d3</load_address>
         <run_address>0x30d3</run_address>
         <size>0x2e</size>
         <input_file_ref idref="fl-d5"/>
      </object_component>
      <object_component id="oc-290">
         <name>.debug_line</name>
         <load_address>0x3101</load_address>
         <run_address>0x3101</run_address>
         <size>0x9a</size>
         <input_file_ref idref="fl-d5"/>
      </object_component>
      <object_component id="oc-25d">
         <name>.debug_line</name>
         <load_address>0x319b</load_address>
         <run_address>0x319b</run_address>
         <size>0x97</size>
         <input_file_ref idref="fl-d5"/>
      </object_component>
      <object_component id="oc-262">
         <name>.debug_line</name>
         <load_address>0x3232</load_address>
         <run_address>0x3232</run_address>
         <size>0x93</size>
         <input_file_ref idref="fl-d5"/>
      </object_component>
      <object_component id="oc-98">
         <name>.debug_line</name>
         <load_address>0x32c5</load_address>
         <run_address>0x32c5</run_address>
         <size>0x40</size>
         <input_file_ref idref="fl-d6"/>
      </object_component>
      <object_component id="oc-102">
         <name>.debug_line</name>
         <load_address>0x3305</load_address>
         <run_address>0x3305</run_address>
         <size>0x3c</size>
         <input_file_ref idref="fl-d8"/>
      </object_component>
      <object_component id="oc-c2">
         <name>.debug_frame</name>
         <load_address>0x0</load_address>
         <run_address>0x0</run_address>
         <size>0xb0</size>
         <input_file_ref idref="fl-2"/>
      </object_component>
      <object_component id="oc-bd">
         <name>.debug_frame</name>
         <load_address>0xb0</load_address>
         <run_address>0xb0</run_address>
         <size>0xa4</size>
         <input_file_ref idref="fl-3"/>
      </object_component>
      <object_component id="oc-b6">
         <name>.debug_frame</name>
         <load_address>0x154</load_address>
         <run_address>0x154</run_address>
         <size>0x1c4</size>
         <input_file_ref idref="fl-5"/>
      </object_component>
      <object_component id="oc-ae">
         <name>.debug_frame</name>
         <load_address>0x318</load_address>
         <run_address>0x318</run_address>
         <size>0x44c</size>
         <input_file_ref idref="fl-6"/>
      </object_component>
      <object_component id="oc-72">
         <name>.debug_frame</name>
         <load_address>0x764</load_address>
         <run_address>0x764</run_address>
         <size>0x10c</size>
         <input_file_ref idref="fl-7"/>
      </object_component>
      <object_component id="oc-c9">
         <name>.debug_frame</name>
         <load_address>0x870</load_address>
         <run_address>0x870</run_address>
         <size>0x6c</size>
         <input_file_ref idref="fl-8"/>
      </object_component>
      <object_component id="oc-69">
         <name>.debug_frame</name>
         <load_address>0x8dc</load_address>
         <run_address>0x8dc</run_address>
         <size>0x6c</size>
         <input_file_ref idref="fl-9"/>
      </object_component>
      <object_component id="oc-a9">
         <name>.debug_frame</name>
         <load_address>0x948</load_address>
         <run_address>0x948</run_address>
         <size>0x70</size>
         <input_file_ref idref="fl-a"/>
      </object_component>
      <object_component id="oc-18d">
         <name>.debug_frame</name>
         <load_address>0x9b8</load_address>
         <run_address>0x9b8</run_address>
         <size>0x7c</size>
         <input_file_ref idref="fl-c4"/>
      </object_component>
      <object_component id="oc-20e">
         <name>.debug_frame</name>
         <load_address>0xa34</load_address>
         <run_address>0xa34</run_address>
         <size>0x64</size>
         <input_file_ref idref="fl-c5"/>
      </object_component>
      <object_component id="oc-22c">
         <name>.debug_frame</name>
         <load_address>0xa98</load_address>
         <run_address>0xa98</run_address>
         <size>0x64</size>
         <input_file_ref idref="fl-c6"/>
      </object_component>
      <object_component id="oc-4a">
         <name>.debug_frame</name>
         <load_address>0xafc</load_address>
         <run_address>0xafc</run_address>
         <size>0x54</size>
         <input_file_ref idref="fl-cd"/>
      </object_component>
      <object_component id="oc-22">
         <name>.debug_frame</name>
         <load_address>0xb50</load_address>
         <run_address>0xb50</run_address>
         <size>0x54</size>
         <input_file_ref idref="fl-ce"/>
      </object_component>
      <object_component id="oc-1c">
         <name>.debug_frame</name>
[...]
      </symbol>
      <symbol id="sm-2d5">
         <name>ssd1306_command1</name>
         <value>0x153</value>
         <object_component_ref idref="oc-ac"/>
      </symbol>
      <symbol id="sm-2d6">
         <name>SSD1306_GetBuffer</name>
         <value>0xe1f</value>
         <object_component_ref idref="oc-ac"/>
      </symbol>
      <symbol id="sm-2d7">
         <name>SSD1306_OutUDec16</name>
         <value>0x1835</value>
         <object_component_ref idref="oc-ac"/>
      </symbol>
      <symbol id="sm-2d8">
         <name>SSD1306_DrawPixel</name>
         <value>0x291</value>
         <object_component_ref idref="oc-ac"/>
      </symbol>
      <symbol id="sm-2d9">
         <name>SSD1306_DrawChar</name>
         <value>0x40d</value>
         <object_component_ref idref="oc-ac"/>
      </symbol>
      <symbol id="sm-2da">
         <name>SSD1306_SetCursor</name>
         <value>0xf9b</value>
         <object_component_ref idref="oc-ac"/>
      </symbol>
      <symbol id="sm-2db">
         <name>SSD1306_Init</name>
         <value>0x18b</value>
         <object_component_ref idref="oc-ac"/>
      </symbol>
      <symbol id="sm-2dc">
         <name>SSD1306_GetPixel</name>
         <value>0xd21</value>
         <object_component_ref idref="oc-ac"/>
      </symbol>
      <symbol id="sm-2dd">
         <name>SSD1306_DrawFastVLine</name>
         <value>0xa09</value>
         <object_component_ref idref="oc-ac"/>
      </symbol>
      <symbol id="sm-2de">
         <name>ssd1306_command</name>
         <value>0x143</value>
         <object_component_ref idref="oc-ac"/>
      </symbol>
      <symbol id="sm-2df">
         <name>SSD1306_ClearBuffer</name>
         <value>0x50d</value>
         <object_component_ref idref="oc-ac"/>
      </symbol>
      <symbol id="sm-2e0">
         <name>SSD1306_OutSDec</name>
         <value>0x1381</value>
         <object_component_ref idref="oc-ac"/>
      </symbol>
      <symbol id="sm-2e1">
         <name>SSD1306_OutHex7</name>
         <value>0x17cf</value>
         <object_component_ref idref="oc-ac"/>
      </symbol>
      <symbol id="sm-2e2">
         <name>SSD1306_OutUFix1</name>
         <value>0x164d</value>
         <object_component_ref idref="oc-ac"/>
      </symbol>
      <symbol id="sm-2e3">
         <name>SSD1306_OutUDec2</name>
         <value>0x18cd</value>
         <object_component_ref idref="oc-ac"/>
      </symbol>
      <symbol id="sm-2e4">
         <name>SSD1306_startscrolldiagright</name>
         <value>0xec5</value>
         <object_component_ref idref="oc-ac"/>
      </symbol>
      <symbol id="sm-2e5">
         <name>CurrentX</name>
         <value>0x2000042c</value>
         <object_component_ref idref="oc-17e"/>
      </symbol>
      <symbol id="sm-2e6">
         <name>CurrentY</name>
         <value>0x2000042e</value>
         <object_component_ref idref="oc-17e"/>
      </symbol>
      <symbol id="sm-2e7">
         <name>SSD1306_OutSFix1</name>
         <value>0x16e1</value>
         <object_component_ref idref="oc-ac"/>
      </symbol>
      <symbol id="sm-2e8">
         <name>SSD1306_Clear</name>
         <value>0x54d</value>
         <object_component_ref idref="oc-ac"/>
      </symbol>
      <symbol id="sm-2e9">
         <name>SSD1306_drawFastHLineInternal</name>
         <value>0x8f7</value>
         <object_component_ref idref="oc-ac"/>
      </symbol>
      <symbol id="sm-2ea">
         <name>SSD1306_startscrollright</name>
         <value>0xe5d</value>
         <object_component_ref idref="oc-ac"/>
      </symbol>
      <symbol id="sm-2eb">
         <name>SSD1306_OutUDec</name>
         <value>0x1195</value>
         <object_component_ref idref="oc-ac"/>
      </symbol>
      <symbol id="sm-2ec">
         <name>SSD1306_DrawString</name>
         <value>0x4c1</value>
         <object_component_ref idref="oc-ac"/>
      </symbol>
      <symbol id="sm-349">
         <name>x</name>
         <value>0x2000040c</value>
      </symbol>
      <symbol id="sm-34a">
         <name>y</name>
         <value>0x2000040e</value>
      </symbol>
      <symbol id="sm-34b">
         <name>z</name>
         <value>0x20000410</value>
      </symbol>
      <symbol id="sm-34c">
         <name>getGyroData</name>
         <value>0x2419</value>
         <object_component_ref idref="oc-6d"/>
      </symbol>
      <symbol id="sm-34d">
         <name>PORT1_IRQHandler</name>
         <value>0x24bf</value>
         <object_component_ref idref="oc-6d"/>
      </symbol>
      <symbol id="sm-34e">
         <name>PBInt_Init</name>
         <value>0x245d</value>
         <object_component_ref idref="oc-6d"/>
      </symbol>
      <symbol id="sm-34f">
         <name>getTempData</name>
         <value>0x2451</value>
         <object_component_ref idref="oc-6d"/>
      </symbol>
      <symbol id="sm-350">
         <name>wasInterrupt</name>
         <value>0x2000043a</value>
         <object_component_ref idref="oc-cf"/>
      </symbol>
      <symbol id="sm-351">
         <name>getAccelData</name>
         <value>0x23fd</value>
         <object_component_ref idref="oc-6d"/>
      </symbol>
      <symbol id="sm-352">
         <name>getMagData</name>
         <value>0x2435</value>
         <object_component_ref idref="oc-6d"/>
      </symbol>
      <symbol id="sm-353">
         <name>main</name>
         <value>0x2503</value>
         <object_component_ref idref="oc-6d"/>
      </symbol>
      <symbol id="sm-354">
         <name>displayData</name>
         <value>0x22fd</value>
         <object_component_ref idref="oc-6d"/>
      </symbol>
      <symbol id="sm-36a">
         <name>piezo_init</name>
         <value>0x36f1</value>
         <object_component_ref idref="oc-c4"/>
      </symbol>
      <symbol id="sm-36b">
         <name>play_note</name>
         <value>0x373d</value>
         <object_component_ref idref="oc-c4"/>
      </symbol>
      <symbol id="sm-380">
         <name>Reset_Handler</name>
         <value>0x3b63</value>
         <object_component_ref idref="oc-67"/>
      </symbol>
      <symbol id="sm-381">
         <name>Default_Handler</name>
         <value>0x3b6f</value>
         <object_component_ref idref="oc-67"/>
      </symbol>
      <symbol id="sm-382">
         <name>interruptVectors</name>
         <value>0x0</value>
         <object_component_ref idref="oc-26"/>
      </symbol>
      <symbol id="sm-3ca">
         <name>SystemInit</name>
         <value>0x2e01</value>
         <object_component_ref idref="oc-a5"/>
      </symbol>
      <symbol id="sm-3cb">
         <name>SystemCoreClockUpdate</name>
         <value>0x2b89</value>
         <object_component_ref idref="oc-a5"/>
      </symbol>
      <symbol id="sm-3cc">
         <name>SystemCoreClock</name>
         <value>0x20000434</value>
         <object_component_ref idref="oc-13c"/>
      </symbol>
      <symbol id="sm-462">
         <name>pow</name>
         <value>0x192d</value>
         <object_component_ref idref="oc-188"/>
      </symbol>
      <symbol id="sm-463">
         <name>powl</name>
         <value>0x192d</value>
         <object_component_ref idref="oc-188"/>
      </symbol>
      <symbol id="sm-485">
         <name>sqrtl</name>
         <value>0x3255</value>
         <object_component_ref idref="oc-20a"/>
      </symbol>
      <symbol id="sm-486">
         <name>sqrt</name>
         <value>0x3255</value>
         <object_component_ref idref="oc-20a"/>
      </symbol>
      <symbol id="sm-4ad">
         <name>scalbn</name>
         <value>0x34e5</value>
         <object_component_ref idref="oc-228"/>
      </symbol>
      <symbol id="sm-4ae">
         <name>scalbnl</name>
         <value>0x34e5</value>
         <object_component_ref idref="oc-228"/>
      </symbol>
      <symbol id="sm-4af">
         <name>ldexpl</name>
         <value>0x34e5</value>
         <object_component_ref idref="oc-228"/>
      </symbol>
      <symbol id="sm-4b0">
         <name>ldexp</name>
         <value>0x34e5</value>
         <object_component_ref idref="oc-228"/>
      </symbol>
      <symbol id="sm-4c7">
         <name>__aeabi_dsub</name>
         <value>0x309d</value>
         <object_component_ref idref="oc-200"/>
      </symbol>
      <symbol id="sm-4c8">
         <name>__aeabi_dadd</name>
         <value>0x30a7</value>
         <object_component_ref idref="oc-200"/>
      </symbol>
      <symbol id="sm-4ea">
         <name>__aeabi_cdcmpeq</name>
         <value>0x3839</value>
         <object_component_ref idref="oc-21e"/>
      </symbol>
      <symbol id="sm-4eb">
         <name>__aeabi_cdcmple</name>
         <value>0x3839</value>
         <object_component_ref idref="oc-21e"/>
      </symbol>
      <symbol id="sm-4ec">
         <name>__aeabi_cdrcmple</name>
         <value>0x38bf</value>
         <object_component_ref idref="oc-223"/>
      </symbol>
      <symbol id="sm-500">
         <name>__aeabi_ddiv</name>
         <value>0x33ad</value>
         <object_component_ref idref="oc-205"/>
      </symbol>
      <symbol id="sm-50b">
         <name>__aeabi_dmul</name>
         <value>0x35f5</value>
         <object_component_ref idref="oc-216"/>
      </symbol>
      <symbol id="sm-515">
         <name>__aeabi_d2iz</name>
         <value>0x3a27</value>
         <object_component_ref idref="oc-18e"/>
      </symbol>
      <symbol id="sm-51f">
         <name>__aeabi_i2d</name>
         <value>0x3ae9</value>
         <object_component_ref idref="oc-183"/>
      </symbol>
      <symbol id="sm-536">
         <name>__TI_zero_init</name>
         <value>0x3b71</value>
         <object_component_ref idref="oc-49"/>
      </symbol>
      <symbol id="sm-54d">
         <name>__TI_decompress_none</name>
         <value>0x3b55</value>
         <object_component_ref idref="oc-1d"/>
      </symbol>
      <symbol id="sm-570">
         <name>__TI_decompress_lzss</name>
         <value>0x39bf</value>
         <object_component_ref idref="oc-17"/>
      </symbol>
      <symbol id="sm-583">
         <name>__stack</name>
         <value>0x2000fe00</value>
         <object_component_ref idref="oc-29"/>
      </symbol>
      <symbol id="sm-584">
         <name>_c_int00_noargs</name>
         <value>0x3ab5</value>
         <object_component_ref idref="oc-55"/>
      </symbol>
      <symbol id="sm-59a">
         <name>__aeabi_errno_addr</name>
         <value>0x3b7d</value>
         <object_component_ref idref="oc-210"/>
      </symbol>
      <symbol id="sm-59b">
         <name>errno</name>
         <value>0x20000430</value>
         <object_component_ref idref="oc-26a"/>
      </symbol>
      <symbol id="sm-5a5">
         <name>copysign</name>
         <value>0x3b3b</value>
         <object_component_ref idref="oc-274"/>
      </symbol>
      <symbol id="sm-5a6">
         <name>copysignl</name>
         <value>0x3b3b</value>
         <object_component_ref idref="oc-274"/>
      </symbol>
      <symbol id="sm-5c1">
         <name>memcpy</name>
         <value>0x379d</value>
         <object_component_ref idref="oc-37"/>
      </symbol>
      <symbol id="sm-5c2">
         <name>__aeabi_memcpy</name>
         <value>0x379d</value>
         <object_component_ref idref="oc-37"/>
      </symbol>
      <symbol id="sm-5c3">
         <name>__aeabi_memcpy8</name>
         <value>0x379d</value>
         <object_component_ref idref="oc-37"/>
      </symbol>
      <symbol id="sm-5c4">
         <name>__aeabi_memcpy4</name>
         <value>0x379d</value>
         <object_component_ref idref="oc-37"/>
      </symbol>
      <symbol id="sm-5d3">
         <name>__aeabi_memset</name>
         <value>0x3947</value>
         <object_component_ref idref="oc-8d"/>
      </symbol>
      <symbol id="sm-5d4">
         <name>memset</name>
         <value>0x394d</value>
         <object_component_ref idref="oc-8d"/>
      </symbol>
      <symbol id="sm-5d5">
         <name>__aeabi_memset8</name>
         <value>0x3947</value>
         <object_component_ref idref="oc-8d"/>
      </symbol>
      <symbol id="sm-5d6">
         <name>__aeabi_memset4</name>
         <value>0x3947</value>
         <object_component_ref idref="oc-8d"/>
      </symbol>
      <symbol id="sm-5d7">
         <name>__aeabi_memclr8</name>
         <value>0x3945</value>
         <object_component_ref idref="oc-8d"/>
      </symbol>
      <symbol id="sm-5d8">
         <name>__aeabi_memclr4</name>
         <value>0x3945</value>
         <object_component_ref idref="oc-8d"/>
      </symbol>
      <symbol id="sm-5d9">
         <name>__aeabi_memclr</name>
         <value>0x3945</value>
         <object_component_ref idref="oc-8d"/>
      </symbol>
      <symbol id="sm-601">
         <name>__TI_auto_init_nobinit_nopinit</name>
         <value>0x3a71</value>
         <object_component_ref idref="oc-10a"/>
      </symbol>
      <symbol id="sm-60b">
         <name>_system_pre_init</name>
         <value>0x3b85</value>
         <object_component_ref idref="oc-93"/>
      </symbol>
      <symbol id="sm-617">
         <name>C$$EXIT</name>
         <value>0x3b89</value>
         <object_component_ref idref="oc-fe"/>
      </symbol>
      <symbol id="sm-618">
         <name>abort</name>
         <value>0x3b89</value>
         <object_component_ref idref="oc-fe"/>
      </symbol>
      <symbol id="sm-61b">
         <name>__TI_static_base__</name>
         <value>0x0</value>
      </symbol>
      <symbol id="sm-61e">
         <name>__mpu_init</name>
         <value>0x0</value>
      </symbol>
      <symbol id="sm-61f">
         <name>_system_post_cinit</name>
         <value>0x0</value>
      </symbol>
      <symbol id="sm-620">
         <name>NMI_Handler</name>
         <value>0x3b6f</value>
      </symbol>
      <symbol id="sm-621">
         <name>HardFault_Handler</name>
         <value>0x3b6f</value>
      </symbol>
      <symbol id="sm-622">
         <name>MemManage_Handler</name>
         <value>0x3b6f</value>
      </symbol>
      <symbol id="sm-623">
         <name>BusFault_Handler</name>
         <value>0x3b6f</value>
      </symbol>
      <symbol id="sm-624">
         <name>UsageFault_Handler</name>
         <value>0x3b6f</value>
      </symbol>
      <symbol id="sm-625">
         <name>SVC_Handler</name>
         <value>0x3b6f</value>
      </symbol>
      <symbol id="sm-626">
         <name>DebugMon_Handler</name>
         <value>0x3b6f</value>
      </symbol>
      <symbol id="sm-627">
         <name>PendSV_Handler</name>
         <value>0x3b6f</value>
      </symbol>
      <symbol id="sm-628">
         <name>SysTick_Handler</name>
         <value>0x3b6f</value>
      </symbol>
      <symbol id="sm-629">
         <name>PSS_IRQHandler</name>
         <value>0x3b6f</value>
      </symbol>
      <symbol id="sm-62a">
         <name>CS_IRQHandler</name>
         <value>0x3b6f</value>
      </symbol>
      <symbol id="sm-62b">
         <name>PCM_IRQHandler</name>
         <value>0x3b6f</value>
      </symbol>
      <symbol id="sm-62c">
         <name>WDT_A_IRQHandler</name>
         <value>0x3b6f</value>
      </symbol>
      <symbol id="sm-62d">
         <name>FPU_IRQHandler</name>
         <value>0x3b6f</value>
      </symbol>
      <symbol id="sm-62e">
         <name>FLCTL_IRQHandler</name>
         <value>0x3b6f</value>
      </symbol>
      <symbol id="sm-62f">
         <name>COMP_E0_IRQHandler</name>
         <value>0x3b6f</value>
      </symbol>
      <symbol id="sm-630">
         <name>COMP_E1_IRQHandler</name>
         <value>0x3b6f</value>
      </symbol>
      <symbol id="sm-631">
         <name>TA0_0_IRQHandler</name>
         <value>0x3b6f</value>
      </symbol>
      <symbol id="sm-632">
         <name>TA0_N_IRQHandler</name>
         <value>0x3b6f</value>
      </symbol>
      <symbol id="sm-633">
         <name>TA1_0_IRQHandler</name>
         <value>0x3b6f</value>
      </symbol>
      <symbol id="sm-634">
         <name>TA1_N_IRQHandler</name>
         <value>0x3b6f</value>
      </symbol>
      <symbol id="sm-635">
         <name>TA2_0_IRQHandler</name>
         <value>0x3b6f</value>
      </symbol>
      <symbol id="sm-636">
         <name>TA2_N_IRQHandler</name>
         <value>0x3b6f</value>
      </symbol>
      <symbol id="sm-637">
         <name>TA3_0_IRQHandler</name>
         <value>0x3b6f</value>
      </symbol>
      <symbol id="sm-638">
         <name>TA3_N_IRQHandler</name>
         <value>0x3b6f</value>
      </symbol>
      <symbol id="sm-639">
         <name>EUSCIA0_IRQHandler</name>
         <value>0x3b6f</value>
      </symbol>
      <symbol id="sm-63a">
         <name>EUSCIA1_IRQHandler</name>
         <value>0x3b6f</value>
      </symbol>
      <symbol id="sm-63b">
         <name>EUSCIA2_IRQHandler</name>
         <value>0x3b6f</value>
      </symbol>
      <symbol id="sm-63c">
         <name>EUSCIA3_IRQHandler</name>
         <value>0x3b6f</value>
      </symbol>
      <symbol id="sm-63d">
         <name>EUSCIB0_IRQHandler</name>
         <value>0x3b6f</value>
      </symbol>
      <symbol id="sm-63e">
         <name>EUSCIB1_IRQHandler</name>
         <value>0x3b6f</value>
      </symbol>
      <symbol id="sm-63f">
         <name>EUSCIB2_IRQHandler</name>
         <value>0x3b6f</value>
      </symbol>
      <symbol id="sm-640">
         <name>EUSCIB3_IRQHandler</name>
         <value>0x3b6f</value>
      </symbol>
      <symbol id="sm-641">
         <name>ADC14_IRQHandler</name>
         <value>0x3b6f</value>
      </symbol>
      <symbol id="sm-642">
         <name>T32_INT1_IRQHandler</name>
         <value>0x3b6f</value>
      </symbol>
      <symbol id="sm-643">
         <name>T32_INT2_IRQHandler</name>
         <value>0x3b6f</value>
      </symbol>
      <symbol id="sm-644">
         <name>T32_INTC_IRQHandler</name>
         <value>0x3b6f</value>
      </symbol>
      <symbol id="sm-645">
         <name>AES256_IRQHandler</name>
         <value>0x3b6f</value>
      </symbol>
      <symbol id="sm-646">
         <name>RTC_C_IRQHandler</name>
         <value>0x3b6f</value>
      </symbol>
      <symbol id="sm-647">
         <name>DMA_ERR_IRQHandler</name>
         <value>0x3b6f</value>
      </symbol>
      <symbol id="sm-648">
         <name>DMA_INT3_IRQHandler</name>
         <value>0x3b6f</value>
      </symbol>
      <symbol id="sm-649">
         <name>DMA_INT2_IRQHandler</name>
         <value>0x3b6f</value>
      </symbol>
      <symbol id="sm-64a">
         <name>DMA_INT1_IRQHandler</name>
         <value>0x3b6f</value>
      </symbol>
      <symbol id="sm-64b">
         <name>DMA_INT0_IRQHandler</name>
         <value>0x3b6f</value>
      </symbol>
      <symbol id="sm-64c">
         <name>PORT1_IRQHandler</name>
         <value>0x24bf</value>
      </symbol>
      <symbol id="sm-64d">
         <name>PORT2_IRQHandler</name>
         <value>0x3b6f</value>
      </symbol>
      <symbol id="sm-64e">
         <name>PORT3_IRQHandler</name>
         <value>0x3b6f</value>
      </symbol>
      <symbol id="sm-64f">
         <name>PORT4_IRQHandler</name>
         <value>0x3b6f</value>
      </symbol>
      <symbol id="sm-650">
         <name>PORT5_IRQHandler</name>
         <value>0x3b6f</value>
      </symbol>
      <symbol id="sm-651">
         <name>PORT6_IRQHandler</name>
         <value>0x3b6f</value>
      </symbol>
   </symbol_table>
   <title>Link successful</title>
</link_info>
