******************************************************************************
                  TI ARM Linker PC v20.2.7                     
******************************************************************************
>> Linked Sun Apr 28 13:57:46 2024

OUTPUT FILE NAME:   <lab08_Final_Project.out>
ENTRY POINT SYMBOL: "_c_int00_noargs"  address: 00003ab5


MEMORY CONFIGURATION

         name            origin    length      used     unused   attr    fill
----------------------  --------  ---------  --------  --------  ----  --------
  MAIN                  00000000   00040000  00003e14  0003c1ec  R  X
  INFO                  00200000   00004000  00000000  00004000  R  X
  SRAM_CODE             01000000   00010000  00000639  0000f9c7  RW X
  SRAM_DATA             20000000   00010000  00000639  0000f9c7  RW  


SEGMENT ALLOCATION MAP

run origin  load origin   length   init length attrs members
----------  ----------- ---------- ----------- ----- -------
00000000    00000000    00003e18   00003e18    r-x
  00000000    00000000    000000e4   000000e4    r-- .intvecs
  000000e4    000000e4    00003aa8   00003aa8    r-x .text
  00003b90    00003b90    00000250   00000250    r-- .const
  00003de0    00003de0    00000038   00000038    r-- .cinit
20000000    20000000    0000043b   00000000    rw-
  20000000    20000000    00000412   00000000    rw- .bss
  20000414    20000414    00000027   00000000    rw- .data
2000fe00    2000fe00    00000200   00000000    rw-
  2000fe00    2000fe00    00000200   00000000    rw- .stack


SECTION ALLOCATION MAP

 output                                  attributes/
section   page    origin      length       input sections
--------  ----  ----------  ----------   ----------------
.intvecs   0    00000000    000000e4     
                  00000000    000000e4     startup_msp432p401r_ccs.obj (.intvecs:retain)

.text      0    000000e4    00003aa8     
                  000000e4    00001848     SSD1306.obj (.text)
                  0000192c    000009d0     rtsv7M4_T_le_v4SPD16_eabi.lib : e_pow.c.obj (.text:pow)
                  000022fc    000004b8     final_main.obj (.text)
                  000027b4    000003d4     LSM9DS1.obj (.text)
                  00002b88    00000334     system_msp432p401r.obj (.text)
                  00002ebc    000001e0     Clock.obj (.text)
                  0000309c    000001b6     rtsv7M4_T_le_v4SPD16_eabi.lib : fd_add_t2.asm.obj (.text)
                  00003252    00000002     --HOLE-- [fill = 0]
                  00003254    00000158                                   : e_sqrt.c.obj (.text:sqrt)
                  000033ac    00000136                                   : fd_div_t2.asm.obj (.text)
                  000034e2    00000002     --HOLE-- [fill = 0]
                  000034e4    00000110                                   : s_scalbn.c.obj (.text:scalbn)
                  000035f4    000000fc                                   : fd_mul_t2.asm.obj (.text)
                  000036f0    000000ac     piezo_buzzer.obj (.text)
                  0000379c    0000009c     rtsv7M4_T_le_v4SPD16_eabi.lib : memcpy_t2.asm.obj (.text)
                  00003838    00000086                                   : fd_cmp_t2.asm.obj (.text:__aeabi_cdcmple)
                  000038be    00000086                                   : fd_cmp_t2.asm.obj (.text:__aeabi_cdrcmple)
                  00003944    0000007a                                   : memset_t2.asm.obj (.text)
                  000039be    00000068                                   : copy_decompress_lzss.c.obj (.text:decompress:lzss:__TI_decompress_lzss)
                  00003a26    00000048                                   : fd_toi_t2.asm.obj (.text)
                  00003a6e    00000002     --HOLE-- [fill = 0]
                  00003a70    00000044                                   : autoinit.c.obj (.text:__TI_auto_init_nobinit_nopinit:__TI_auto_init_nobinit_nopinit)
                  00003ab4    00000034                                   : boot_cortex_m.c.obj (.text:_c_int00_noargs:_c_int00_noargs)
                  00003ae8    0000002e                                   : i_tofd_t2.asm.obj (.text)
                  00003b16    00000024     CortexM.obj (.text)
                  00003b3a    0000001a     rtsv7M4_T_le_v4SPD16_eabi.lib : s_copysign.c.obj (.text:copysign)
                  00003b54    0000000e                                   : copy_decompress_none.c.obj (.text:decompress:none:__TI_decompress_none)
                  00003b62    0000000e     startup_msp432p401r_ccs.obj (.text)
                  00003b70    0000000c     rtsv7M4_T_le_v4SPD16_eabi.lib : copy_zero_init.c.obj (.text:decompress:ZI:__TI_zero_init)
                  00003b7c    00000008                                   : errno.c.obj (.text:__aeabi_errno_addr)
                  00003b84    00000004                                   : pre_init.c.obj (.text:_system_pre_init)
                  00003b88    00000004                                   : exit.c.obj (.text:abort:abort)

.const     0    00003b90    00000250     
                  00003b90    000001e0     SSD1306.obj (.const:ASCII)
                  00003d70    00000030     rtsv7M4_T_le_v4SPD16_eabi.lib : e_pow.c.obj (.const:$O1$$)
                  00003da0    00000008     SSD1306.obj (.const:.string:postmask)
                  00003da8    00000008     SSD1306.obj (.const:.string:premask)
                  00003db0    00000006     SSD1306.obj (.const:.string:init5)
                  00003db6    00000005     SSD1306.obj (.const:.string:dlist1)
                  00003dbb    00000004     SSD1306.obj (.const:.string:init1)
                  00003dbf    00000004     SSD1306.obj (.const:.string:init2)
                  00003dc3    00000004     SSD1306.obj (.const:.string:init3)
                  00003dc7    00000003     SSD1306.obj (.const:.string:init4b)
                  00003dca    00000003     SSD1306.obj (.const:.string:scrollList1b)
                  00003dcd    00000003     SSD1306.obj (.const:.string:scrollList2b)
                  00003dd0    00000002     SSD1306.obj (.const:.string:scrollList1a)
                  00003dd2    00000002     SSD1306.obj (.const:.string:scrollList2a)
                  00003dd4    00000002     SSD1306.obj (.const:.string:scrollList3a)
                  00003dd6    00000002     SSD1306.obj (.const:.string:scrollList3b)
                  00003dd8    00000002     SSD1306.obj (.const:.string:scrollList3c)
                  00003dda    00000002     SSD1306.obj (.const:.string:scrollList4a)
                  00003ddc    00000002     SSD1306.obj (.const:.string:scrollList4b)
                  00003dde    00000002     SSD1306.obj (.const:.string:scrollList4c)

.cinit     0    00003de0    00000038     
                  00003de0    0000000d     (.cinit..data.load) [load image, compression = lzss]
                  00003ded    00000003     --HOLE-- [fill = 0]
                  00003df0    0000000c     (__TI_handler_table)
                  00003dfc    00000004     --HOLE-- [fill = 0]
                  00003e00    00000008     (.cinit..bss.load) [load image, compression = zero_init]
                  00003e08    00000010     (__TI_cinit_table)

.init_array 
*          0    00000000    00000000     UNINITIALIZED

.binit     0    00000000    00000000     

.bss       0    20000000    00000412     UNINITIALIZED
                  20000000    00000400     (.common:buffer)
                  20000400    00000004     (.common:rotation)
                  20000404    00000004     (.common:vccstate)
                  20000408    00000002     (.common:StartX)
                  2000040a    00000002     (.common:StartY)
                  2000040c    00000002     (.common:x)
                  2000040e    00000002     (.common:y)
                  20000410    00000002     (.common:z)

.data      0    20000414    00000027     UNINITIALIZED
                  20000414    00000018     Clock.obj (.data)
                  2000042c    00000004     SSD1306.obj (.data)
                  20000430    00000004     rtsv7M4_T_le_v4SPD16_eabi.lib : errno.c.obj (.data)
                  20000434    00000004     system_msp432p401r.obj (.data)
                  20000438    00000002     LSM9DS1.obj (.data)
                  2000043a    00000001     final_main.obj (.data)

.stack     0    2000fe00    00000200     UNINITIALIZED
                  2000fe00    00000004     rtsv7M4_T_le_v4SPD16_eabi.lib : boot_cortex_m.c.obj (.stack)
                  2000fe04    000001fc     --HOLE--

__llvm_prf_cnts 
*          0    20000000    00000000     UNINITIALIZED

MODULE SUMMARY

       Module                        code    ro data   rw data
       ------                        ----    -------   -------
    .\
       SSD1306.obj                   6216    544       2080   
       final_main.obj                1208    0         14     
       LSM9DS1.obj                   980     0         4      
       system_msp432p401r.obj        820     0         8      
       Clock.obj                     480     0         48     
       startup_msp432p401r_ccs.obj   14      228       0      
       piezo_buzzer.obj              172     0         0      
       CortexM.obj                   36      0         0      
    +--+-----------------------------+-------+---------+---------+
       Total:                        9926    772       2154   
                                                              
    C:\ti\ccs1230\ccs\tools\compiler\ti-cgt-arm_20.2.7.LTS\lib\rtsv7M4_T_le_v4SPD16_eabi.lib
       e_pow.c.obj                   2512    48        0      
       fd_add_t2.asm.obj             438     0         0      
       e_sqrt.c.obj                  344     0         0      
       fd_div_t2.asm.obj             310     0         0      
       s_scalbn.c.obj                272     0         0      
       fd_cmp_t2.asm.obj             268     0         0      
       fd_mul_t2.asm.obj             252     0         0      
       memcpy_t2.asm.obj             156     0         0      
       memset_t2.asm.obj             122     0         0      
       copy_decompress_lzss.c.obj    104     0         0      
       fd_toi_t2.asm.obj             72      0         0      
       autoinit.c.obj                68      0         0      
       boot_cortex_m.c.obj           52      0         0      
       i_tofd_t2.asm.obj             46      0         0      
       s_copysign.c.obj              26      0         0      
       errno.c.obj                   8       0         8      
       copy_decompress_none.c.obj    14      0         0      
       copy_zero_init.c.obj          12      0         0      
       exit.c.obj                    4       0         0      
       pre_init.c.obj                4       0         0      
    +--+-----------------------------+-------+---------+---------+
       Total:                        5084    48        8      
                                                              
       Stack:                        0       0         1024   
       Linker Generated:             0       49        0      
    +--+-----------------------------+-------+---------+---------+
       Grand Total:                  15010   869       3186   


LINKER GENERATED COPY TABLES

__TI_cinit_table @ 00003e08 records: 2, size/record: 8, table size: 16
	.data: load addr=00003de0, load size=0000000d bytes, run addr=20000414, run size=00000027 bytes, compression=lzss
	.bss: load addr=00003e00, load size=00000008 bytes, run addr=20000000, run size=00000412 bytes, compression=zero_init


LINKER GENERATED HANDLER TABLE

__TI_handler_table @ 00003df0 records: 3, size/record: 4, table size: 12
	index: 0, handler: __TI_decompress_lzss
	index: 1, handler: __TI_decompress_none
	index: 2, handler: __TI_zero_init


GLOBAL SYMBOLS: SORTED ALPHABETICALLY BY Name 

address   name                          
-------   ----                          
00003b6f  ADC14_IRQHandler              
00003b6f  AES256_IRQHandler             
00003b6f  BusFault_Handler              
00003b89  C$$EXIT                       
00003b6f  COMP_E0_IRQHandler            
00003b6f  COMP_E1_IRQHandler            
2000041c  CPMwait                       
00003b6f  CS_IRQHandler                 
20000414  ClockFrequency                
00003011  Clock_Delay1ms                
00002fe7  Clock_Delay1us                
00002fd3  Clock_GetFreq                 
00002ebd  Clock_Init48MHz               
20000428  Crystalstable                 
2000042c  CurrentX                      
2000042e  CurrentY                      
00003b6f  DMA_ERR_IRQHandler            
00003b6f  DMA_INT0_IRQHandler           
00003b6f  DMA_INT1_IRQHandler           
00003b6f  DMA_INT2_IRQHandler           
00003b6f  DMA_INT3_IRQHandler           
00003b6f  DebugMon_Handler              
00003b6f  Default_Handler               
00003b17  DisableInterrupts             
00003b6f  EUSCIA0_IRQHandler            
00003b6f  EUSCIA1_IRQHandler            
00003b6f  EUSCIA2_IRQHandler            
00003b6f  EUSCIA3_IRQHandler            
00003b6f  EUSCIB0_IRQHandler            
00003b6f  EUSCIB1_IRQHandler            
00003b6f  EUSCIB2_IRQHandler            
00003b6f  EUSCIB3_IRQHandler            
00003b1d  EnableInterrupts              
00003b2d  EndCritical                   
00003b6f  FLCTL_IRQHandler              
00003b6f  FPU_IRQHandler                
00003b6f  HardFault_Handler             
20000424  IFlags                        
000027b5  LSM9DS1_Init                  
00002977  LSM9DS1_TEST_CMD              
00002b49  LSM9DS1_TMP                   
0000295f  LSM9DS1_WHO_AM_I              
00002989  LSM9DS1_XA                    
00002a19  LSM9DS1_XG                    
00002aa9  LSM9DS1_XM                    
000029b9  LSM9DS1_YA                    
00002a49  LSM9DS1_YG                    
00002ad7  LSM9DS1_YM                    
000029e9  LSM9DS1_ZA                    
00002a79  LSM9DS1_ZG                    
00002b11  LSM9DS1_ZM                    
00003b6f  MemManage_Handler             
00003b6f  NMI_Handler                   
0000245d  PBInt_Init                    
00003b6f  PCM_IRQHandler                
000024bf  PORT1_IRQHandler              
000024bf  PORT1_IRQHandler              
00003b6f  PORT2_IRQHandler              
00003b6f  PORT3_IRQHandler              
00003b6f  PORT4_IRQHandler              
00003b6f  PORT5_IRQHandler              
00003b6f  PORT6_IRQHandler              
00003b6f  PSS_IRQHandler                
00003b6f  PendSV_Handler                
20000420  Postwait                      
20000418  Prewait                       
20000438  RDxBuffer                     
00003b6f  RTC_C_IRQHandler              
00003b63  Reset_Handler                 
00002835  SPI_transfer                  
0000054d  SSD1306_Clear                 
0000050d  SSD1306_ClearBuffer           
00000f69  SSD1306_Dim                   
00000e23  SSD1306_DisplayBuffer         
0000040d  SSD1306_DrawChar              
000007e5  SSD1306_DrawFastHLine         
00000a09  SSD1306_DrawFastVLine         
000005a1  SSD1306_DrawFullImage         
00000291  SSD1306_DrawPixel             
000004c1  SSD1306_DrawString            
00000e1f  SSD1306_GetBuffer             
00000d21  SSD1306_GetPixel              
0000018b  SSD1306_Init                  
00000f53  SSD1306_InvertDisplay         
00001015  SSD1306_OutChar               
000017cf  SSD1306_OutHex7               
00001381  SSD1306_OutSDec               
000016e1  SSD1306_OutSFix1              
0000113b  SSD1306_OutString             
00001195  SSD1306_OutUDec               
00001835  SSD1306_OutUDec16             
000018cd  SSD1306_OutUDec2              
0000164d  SSD1306_OutUFix1              
00001805  SSD1306_OutUHex7              
00000605  SSD1306_PrintBMP              
00000f9b  SSD1306_SetCursor             
000008f7  SSD1306_drawFastHLineInternal 
00000b21  SSD1306_drawFastVLineInternal 
00000f09  SSD1306_startscrolldiagleft   
00000ec5  SSD1306_startscrolldiagright  
00000e8f  SSD1306_startscrollleft       
00000e5d  SSD1306_startscrollright      
00000f49  SSD1306_stopscroll            
00003b6f  SVC_Handler                   
00003b23  StartCritical                 
20000408  StartX                        
2000040a  StartY                        
00003b6f  SysTick_Handler               
20000434  SystemCoreClock               
00002b89  SystemCoreClockUpdate         
00002e01  SystemInit                    
00003b6f  T32_INT1_IRQHandler           
00003b6f  T32_INT2_IRQHandler           
00003b6f  T32_INTC_IRQHandler           
00003b6f  TA0_0_IRQHandler              
00003b6f  TA0_N_IRQHandler              
00003b6f  TA1_0_IRQHandler              
00003b6f  TA1_N_IRQHandler              
00003b6f  TA2_0_IRQHandler              
00003b6f  TA2_N_IRQHandler              
00003b6f  TA3_0_IRQHandler              
00003b6f  TA3_N_IRQHandler              
00003b6f  UsageFault_Handler            
4000480c  WDTCTL_SYM                    
00003b6f  WDT_A_IRQHandler              
00003b35  WaitForInterrupt              
20010000  __STACK_END                   
00000200  __STACK_SIZE                  
00003e08  __TI_CINIT_Base               
00003e18  __TI_CINIT_Limit              
00003df0  __TI_Handler_Table_Base       
00003dfc  __TI_Handler_Table_Limit      
00003a71  __TI_auto_init_nobinit_nopinit
000039bf  __TI_decompress_lzss          
00003b55  __TI_decompress_none          
ffffffff  __TI_pprof_out_hndl           
ffffffff  __TI_prof_data_size           
ffffffff  __TI_prof_data_start          
00000000  __TI_static_base__            
00003b71  __TI_zero_init                
00003839  __aeabi_cdcmpeq               
00003839  __aeabi_cdcmple               
000038bf  __aeabi_cdrcmple              
00003a27  __aeabi_d2iz                  
000030a7  __aeabi_dadd                  
000033ad  __aeabi_ddiv                  
000035f5  __aeabi_dmul                  
0000309d  __aeabi_dsub                  
00003b7d  __aeabi_errno_addr            
00003ae9  __aeabi_i2d                   
00003945  __aeabi_memclr                
00003945  __aeabi_memclr4               
00003945  __aeabi_memclr8               
0000379d  __aeabi_memcpy                
0000379d  __aeabi_memcpy4               
0000379d  __aeabi_memcpy8               
00003947  __aeabi_memset                
00003947  __aeabi_memset4               
00003947  __aeabi_memset8               
ffffffff  __binit__                     
ffffffff  __c_args__                    
UNDEFED   __mpu_init                    
2000fe00  __stack                       
20000000  __start___llvm_prf_cnts       
20000000  __stop___llvm_prf_cnts        
00003ab5  _c_int00_noargs               
UNDEFED   _system_post_cinit            
00003b85  _system_pre_init              
00003b89  abort                         
ffffffff  binit                         
20000000  buffer                        
00003b3b  copysign                      
00003b3b  copysignl                     
00002fd9  delay                         
000022fd  displayData                   
20000430  errno                         
000023fd  getAccelData                  
00002419  getGyroData                   
00002435  getMagData                    
00002451  getTempData                   
00000000  interruptVectors              
000034e5  ldexp                         
000034e5  ldexpl                        
00002503  main                          
0000379d  memcpy                        
0000394d  memset                        
000036f1  piezo_init                    
0000373d  play_note                     
0000192d  pow                           
0000192d  powl                          
00002857  read_SPI                      
20000400  rotation                      
000034e5  scalbn                        
000034e5  scalbnl                       
00003255  sqrt                          
00003255  sqrtl                         
00000113  ssd1306_Testcommandwrite      
00000143  ssd1306_command               
00000153  ssd1306_command1              
00000163  ssd1306_commandList           
20000404  vccstate                      
2000043a  wasInterrupt                  
000028ef  write_SPI                     
2000040c  x                             
2000040e  y                             
20000410  z                             


GLOBAL SYMBOLS: SORTED BY Symbol Address 

address   name                          
-------   ----                          
00000000  __TI_static_base__            
00000000  interruptVectors              
00000113  ssd1306_Testcommandwrite      
00000143  ssd1306_command               
00000153  ssd1306_command1              
00000163  ssd1306_commandList           
0000018b  SSD1306_Init                  
00000200  __STACK_SIZE                  
00000291  SSD1306_DrawPixel             
0000040d  SSD1306_DrawChar              
000004c1  SSD1306_DrawString            
0000050d  SSD1306_ClearBuffer           
0000054d  SSD1306_Clear                 
000005a1  SSD1306_DrawFullImage         
00000605  SSD1306_PrintBMP              
000007e5  SSD1306_DrawFastHLine         
000008f7  SSD1306_drawFastHLineInternal 
00000a09  SSD1306_DrawFastVLine         
00000b21  SSD1306_drawFastVLineInternal 
00000d21  SSD1306_GetPixel              
00000e1f  SSD1306_GetBuffer             
00000e23  SSD1306_DisplayBuffer         
00000e5d  SSD1306_startscrollright      
00000e8f  SSD1306_startscrollleft       
00000ec5  SSD1306_startscrolldiagright  
00000f09  SSD1306_startscrolldiagleft   
00000f49  SSD1306_stopscroll            
00000f53  SSD1306_InvertDisplay         
00000f69  SSD1306_Dim                   
00000f9b  SSD1306_SetCursor             
00001015  SSD1306_OutChar               
0000113b  SSD1306_OutString             
00001195  SSD1306_OutUDec               
00001381  SSD1306_OutSDec               
0000164d  SSD1306_OutUFix1              
000016e1  SSD1306_OutSFix1              
000017cf  SSD1306_OutHex7               
00001805  SSD1306_OutUHex7              
00001835  SSD1306_OutUDec16             
000018cd  SSD1306_OutUDec2              
0000192d  pow                           
0000192d  powl                          
000022fd  displayData                   
000023fd  getAccelData                  
00002419  getGyroData                   
00002435  getMagData                    
00002451  getTempData                   
0000245d  PBInt_Init                    
000024bf  PORT1_IRQHandler              
000024bf  PORT1_IRQHandler              
00002503  main                          
000027b5  LSM9DS1_Init                  
00002835  SPI_transfer                  
00002857  read_SPI                      
000028ef  write_SPI                     
0000295f  LSM9DS1_WHO_AM_I              
00002977  LSM9DS1_TEST_CMD              
00002989  LSM9DS1_XA                    
000029b9  LSM9DS1_YA                    
000029e9  LSM9DS1_ZA                    
00002a19  LSM9DS1_XG                    
00002a49  LSM9DS1_YG                    
00002a79  LSM9DS1_ZG                    
00002aa9  LSM9DS1_XM                    
00002ad7  LSM9DS1_YM                    
00002b11  LSM9DS1_ZM                    
00002b49  LSM9DS1_TMP                   
00002b89  SystemCoreClockUpdate         
00002e01  SystemInit                    
00002ebd  Clock_Init48MHz               
00002fd3  Clock_GetFreq                 
00002fd9  delay                         
00002fe7  Clock_Delay1us                
00003011  Clock_Delay1ms                
0000309d  __aeabi_dsub                  
000030a7  __aeabi_dadd                  
00003255  sqrt                          
00003255  sqrtl                         
000033ad  __aeabi_ddiv                  
000034e5  ldexp                         
000034e5  ldexpl                        
000034e5  scalbn                        
000034e5  scalbnl                       
000035f5  __aeabi_dmul                  
000036f1  piezo_init                    
0000373d  play_note                     
0000379d  __aeabi_memcpy                
0000379d  __aeabi_memcpy4               
0000379d  __aeabi_memcpy8               
0000379d  memcpy                        
00003839  __aeabi_cdcmpeq               
00003839  __aeabi_cdcmple               
000038bf  __aeabi_cdrcmple              
00003945  __aeabi_memclr                
00003945  __aeabi_memclr4               
00003945  __aeabi_memclr8               
00003947  __aeabi_memset                
00003947  __aeabi_memset4               
00003947  __aeabi_memset8               
0000394d  memset                        
000039bf  __TI_decompress_lzss          
00003a27  __aeabi_d2iz                  
00003a71  __TI_auto_init_nobinit_nopinit
00003ab5  _c_int00_noargs               
00003ae9  __aeabi_i2d                   
00003b17  DisableInterrupts             
00003b1d  EnableInterrupts              
00003b23  StartCritical                 
00003b2d  EndCritical                   
00003b35  WaitForInterrupt              
00003b3b  copysign                      
00003b3b  copysignl                     
00003b55  __TI_decompress_none          
00003b63  Reset_Handler                 
00003b6f  ADC14_IRQHandler              
00003b6f  AES256_IRQHandler             
00003b6f  BusFault_Handler              
00003b6f  COMP_E0_IRQHandler            
00003b6f  COMP_E1_IRQHandler            
00003b6f  CS_IRQHandler                 
00003b6f  DMA_ERR_IRQHandler            
00003b6f  DMA_INT0_IRQHandler           
00003b6f  DMA_INT1_IRQHandler           
00003b6f  DMA_INT2_IRQHandler           
00003b6f  DMA_INT3_IRQHandler           
00003b6f  DebugMon_Handler              
00003b6f  Default_Handler               
00003b6f  EUSCIA0_IRQHandler            
00003b6f  EUSCIA1_IRQHandler            
00003b6f  EUSCIA2_IRQHandler            
00003b6f  EUSCIA3_IRQHandler            
00003b6f  EUSCIB0_IRQHandler            
00003b6f  EUSCIB1_IRQHandler            
00003b6f  EUSCIB2_IRQHandler            
00003b6f  EUSCIB3_IRQHandler            
00003b6f  FLCTL_IRQHandler              
00003b6f  FPU_IRQHandler                
00003b6f  HardFault_Handler             
00003b6f  MemManage_Handler             
00003b6f  NMI_Handler                   
00003b6f  PCM_IRQHandler                
00003b6f  PORT2_IRQHandler              
00003b6f  PORT3_IRQHandler              
00003b6f  PORT4_IRQHandler              
00003b6f  PORT5_IRQHandler              
00003b6f  PORT6_IRQHandler              
00003b6f  PSS_IRQHandler                
00003b6f  PendSV_Handler                
00003b6f  RTC_C_IRQHandler              
00003b6f  SVC_Handler                   
00003b6f  SysTick_Handler               
00003b6f  T32_INT1_IRQHandler           
00003b6f  T32_INT2_IRQHandler           
00003b6f  T32_INTC_IRQHandler           
00003b6f  TA0_0_IRQHandler              
00003b6f  TA0_N_IRQHandler              
00003b6f  TA1_0_IRQHandler              
00003b6f  TA1_N_IRQHandler              
00003b6f  TA2_0_IRQHandler              
00003b6f  TA2_N_IRQHandler              
00003b6f  TA3_0_IRQHandler              
00003b6f  TA3_N_IRQHandler              
00003b6f  UsageFault_Handler            
00003b6f  WDT_A_IRQHandler              
00003b71  __TI_zero_init                
00003b7d  __aeabi_errno_addr            
00003b85  _system_pre_init              
00003b89  C$$EXIT                       
00003b89  abort                         
00003df0  __TI_Handler_Table_Base       
00003dfc  __TI_Handler_Table_Limit      
00003e08  __TI_CINIT_Base               
00003e18  __TI_CINIT_Limit              
20000000  __start___llvm_prf_cnts       
20000000  __stop___llvm_prf_cnts        
20000000  buffer                        
20000400  rotation                      
20000404  vccstate                      
20000408  StartX                        
2000040a  StartY                        
2000040c  x                             
2000040e  y                             
20000410  z                             
20000414  ClockFrequency                
20000418  Prewait                       
2000041c  CPMwait                       
20000420  Postwait                      
20000424  IFlags                        
20000428  Crystalstable                 
2000042c  CurrentX                      
2000042e  CurrentY                      
20000430  errno                         
20000434  SystemCoreClock               
20000438  RDxBuffer                     
2000043a  wasInterrupt                  
2000fe00  __stack                       
20010000  __STACK_END                   
4000480c  WDTCTL_SYM                    
ffffffff  __TI_pprof_out_hndl           
ffffffff  __TI_prof_data_size           
ffffffff  __TI_prof_data_start          
ffffffff  __binit__                     
ffffffff  __c_args__                    
ffffffff  binit                         
UNDEFED   __mpu_init                    
UNDEFED   _system_post_cinit            

[206 symbols]
